Archive member included to satisfy reference by file (symbol)

/home/ubuntu/st/stm32cubeide_2.1.0/plugins/com.st.stm32cube.ide.mcu.externaltools.gnu-tools-for-stm32.14.3.rel1.linux64_1.0.100.202602081740/tools/bin/../lib/gcc/arm-none-eabi/14.3.1/../../../../arm-none-eabi/lib/thumb/v7e-m+fp/hard/libc_nano.a(libc_a-exit.o)
                              /home/ubuntu/st/stm32cubeide_2.1.0/plugins/com.st.stm32cube.ide.mcu.externaltools.gnu-tools-for-stm32.14.3.rel1.linux64_1.0.100.202602081740/tools/bin/../lib/gcc/arm-none-eabi/14.3.1/../../../../arm-none-eabi/lib/thumb/v7e-m+fp/hard/crt0.o (exit)
/home/ubuntu/st/stm32cubeide_2.1.0/plugins/com.st.stm32cube.ide.mcu.externaltools.gnu-tools-for-stm32.14.3.rel1.linux64_1.0.100.202602081740/tools/bin/../lib/gcc/arm-none-eabi/14.3.1/../../../../arm-none-eabi/lib/thumb/v7e-m+fp/hard/libc_nano.a(libc_a-findfp.o)
                              /home/ubuntu/st/stm32cubeide_2.1.0/plugins/com.st.stm32cube.ide.mcu.externaltools.gnu-tools-for-stm32.14.3.rel1.linux64_1.0.100.202602081740/tools/bin/../lib/gcc/arm-none-eabi/14.3.1/../../../../arm-none-eabi/lib/thumb/v7e-m+fp/hard/libc_nano.a(libc_a-exit.o) (__stdio_exit_handler)
/home/ubuntu/st/stm32cubeide_2.1.0/plugins/com.st.stm32cube.ide.mcu.externaltools.gnu-tools-for-stm32.14.3.rel1.linux64_1.0.100.202602081740/tools/bin/../lib/gcc/arm-none-eabi/14.3.1/../../../../arm-none-eabi/lib/thumb/v7e-m+fp/hard/libc_nano.a(libc_a-fwalk.o)
                              /home/ubuntu/st/stm32cubeide_2.1.0/plugins/com.st.stm32cube.ide.mcu.externaltools.gnu-tools-for-stm32.14.3.rel1.linux64_1.0.100.202602081740/tools/bin/../lib/gcc/arm-none-eabi/14.3.1/../../../../arm-none-eabi/lib/thumb/v7e-m+fp/hard/libc_nano.a(libc_a-findfp.o) (_fwalk_sglue)
/home/ubuntu/st/stm32cubeide_2.1.0/plugins/com.st.stm32cube.ide.mcu.externaltools.gnu-tools-for-stm32.14.3.rel1.linux64_1.0.100.202602081740/tools/bin/../lib/gcc/arm-none-eabi/14.3.1/../../../../arm-none-eabi/lib/thumb/v7e-m+fp/hard/libc_nano.a(libc_a-printf.o)
                              Core/Src/benchmark_cpu.o (printf)
/home/ubuntu/st/stm32cubeide_2.1.0/plugins/com.st.stm32cube.ide.mcu.externaltools.gnu-tools-for-stm32.14.3.rel1.linux64_1.0.100.202602081740/tools/bin/../lib/gcc/arm-none-eabi/14.3.1/../../../../arm-none-eabi/lib/thumb/v7e-m+fp/hard/libc_nano.a(libc_a-puts.o)
                              Core/Src/benchmark_cpu.o (puts)
/home/ubuntu/st/stm32cubeide_2.1.0/plugins/com.st.stm32cube.ide.mcu.externaltools.gnu-tools-for-stm32.14.3.rel1.linux64_1.0.100.202602081740/tools/bin/../lib/gcc/arm-none-eabi/14.3.1/../../../../arm-none-eabi/lib/thumb/v7e-m+fp/hard/libc_nano.a(libc_a-stdio.o)
                              /home/ubuntu/st/stm32cubeide_2.1.0/plugins/com.st.stm32cube.ide.mcu.externaltools.gnu-tools-for-stm32.14.3.rel1.linux64_1.0.100.202602081740/tools/bin/../lib/gcc/arm-none-eabi/14.3.1/../../../../arm-none-eabi/lib/thumb/v7e-m+fp/hard/libc_nano.a(libc_a-findfp.o) (__sread)
/home/ubuntu/st/stm32cubeide_2.1.0/plugins/com.st.stm32cube.ide.mcu.externaltools.gnu-tools-for-stm32.14.3.rel1.linux64_1.0.100.202602081740/tools/bin/../lib/gcc/arm-none-eabi/14.3.1/../../../../arm-none-eabi/lib/thumb/v7e-m+fp/hard/libc_nano.a(libc_a-wbuf.o)
                              /home/ubuntu/st/stm32cubeide_2.1.0/plugins/com.st.stm32cube.ide.mcu.externaltools.gnu-tools-for-stm32.14.3.rel1.linux64_1.0.100.202602081740/tools/bin/../lib/gcc/arm-none-eabi/14.3.1/../../../../arm-none-eabi/lib/thumb/v7e-m+fp/hard/libc_nano.a(libc_a-puts.o) (__swbuf_r)
/home/ubuntu/st/stm32cubeide_2.1.0/plugins/com.st.stm32cube.ide.mcu.externaltools.gnu-tools-for-stm32.14.3.rel1.linux64_1.0.100.202602081740/tools/bin/../lib/gcc/arm-none-eabi/14.3.1/../../../../arm-none-eabi/lib/thumb/v7e-m+fp/hard/libc_nano.a(libc_a-wsetup.o)
                              /home/ubuntu/st/stm32cubeide_2.1.0/plugins/com.st.stm32cube.ide.mcu.externaltools.gnu-tools-for-stm32.14.3.rel1.linux64_1.0.100.202602081740/tools/bin/../lib/gcc/arm-none-eabi/14.3.1/../../../../arm-none-eabi/lib/thumb/v7e-m+fp/hard/libc_nano.a(libc_a-puts.o) (__swsetup_r)
/home/ubuntu/st/stm32cubeide_2.1.0/plugins/com.st.stm32cube.ide.mcu.externaltools.gnu-tools-for-stm32.14.3.rel1.linux64_1.0.100.202602081740/tools/bin/../lib/gcc/arm-none-eabi/14.3.1/../../../../arm-none-eabi/lib/thumb/v7e-m+fp/hard/libc_nano.a(libc_a-memset.o)
                              /home/ubuntu/st/stm32cubeide_2.1.0/plugins/com.st.stm32cube.ide.mcu.externaltools.gnu-tools-for-stm32.14.3.rel1.linux64_1.0.100.202602081740/tools/bin/../lib/gcc/arm-none-eabi/14.3.1/../../../../arm-none-eabi/lib/thumb/v7e-m+fp/hard/crt0.o (memset)
/home/ubuntu/st/stm32cubeide_2.1.0/plugins/com.st.stm32cube.ide.mcu.externaltools.gnu-tools-for-stm32.14.3.rel1.linux64_1.0.100.202602081740/tools/bin/../lib/gcc/arm-none-eabi/14.3.1/../../../../arm-none-eabi/lib/thumb/v7e-m+fp/hard/libc_nano.a(libc_a-closer.o)
[...]
Memory Configuration

Name             Origin             Length             Attributes
RAM              0x20000000         0x00020000         xrw
FLASH            0x08000000         0x00080000         xr
*default*        0x00000000         0xffffffff

Linker script and memory map

LOAD /home/ubuntu/st/stm32cubeide_2.1.0/plugins/com.st.stm32cube.ide.mcu.externaltools.gnu-tools-for-stm32.14.3.rel1.linux64_1.0.100.202602081740/tools/bin/../lib/gcc/arm-none-eabi/14.3.1/thumb/v7e-m+fp/hard/crti.o
LOAD /home/ubuntu/st/stm32cubeide_2.1.0/plugins/com.st.stm32cube.ide.mcu.externaltools.gnu-tools-for-stm32.14.3.rel1.linux64_1.0.100.202602081740/tools/bin/../lib/gcc/arm-none-eabi/14.3.1/thumb/v7e-m+fp/hard/crtbegin.o
LOAD /home/ubuntu/st/stm32cubeide_2.1.0/plugins/com.st.stm32cube.ide.mcu.externaltools.gnu-tools-for-stm32.14.3.rel1.linux64_1.0.100.202602081740/tools/bin/../lib/gcc/arm-none-eabi/14.3.1/../../../../arm-none-eabi/lib/thumb/v7e-m+fp/hard/crt0.o
LOAD Core/Src/benchmark_cpu.o
LOAD Core/Src/benchmark_sys.o
LOAD Core/Src/freertos.o
LOAD Core/Src/i2c.o
LOAD Core/Src/main.o
LOAD Core/Src/sensor.o
LOAD Core/Src/stm32f4xx_hal_msp.o
LOAD Core/Src/stm32f4xx_it.o
LOAD Core/Src/syscalls.o
LOAD Core/Src/sysmem.o
LOAD Core/Src/system_stm32f4xx.o
LOAD Core/Startup/startup_stm32f446retx.o
LOAD Drivers/STM32F4xx_HAL_Driver/Src/stm32f4xx_hal.o
LOAD Drivers/STM32F4xx_HAL_Driver/Src/stm32f4xx_hal_cortex.o
LOAD Drivers/STM32F4xx_HAL_Driver/Src/stm32f4xx_hal_dma.o
LOAD Drivers/STM32F4xx_HAL_Driver/Src/stm32f4xx_hal_dma_ex.o
LOAD Drivers/STM32F4xx_HAL_Driver/Src/stm32f4xx_hal_exti.o
LOAD Drivers/STM32F4xx_HAL_Driver/Src/stm32f4xx_hal_flash.o
LOAD Drivers/STM32F4xx_HAL_Driver/Src/stm32f4xx_hal_flash_ex.o
LOAD Drivers/STM32F4xx_HAL_Driver/Src/stm32f4xx_hal_flash_ramfunc.o
LOAD Drivers/STM32F4xx_HAL_Driver/Src/stm32f4xx_hal_gpio.o
LOAD Drivers/STM32F4xx_HAL_Driver/Src/stm32f4xx_hal_i2c.o
LOAD Drivers/STM32F4xx_HAL_Driver/Src/stm32f4xx_hal_i2c_ex.o
LOAD Drivers/STM32F4xx_HAL_Driver/Src/stm32f4xx_hal_pwr.o
LOAD Drivers/STM32F4xx_HAL_Driver/Src/stm32f4xx_hal_pwr_ex.o
LOAD Drivers/STM32F4xx_HAL_Driver/Src/stm32f4xx_hal_rcc.o
LOAD Drivers/STM32F4xx_HAL_Driver/Src/stm32f4xx_hal_rcc_ex.o
LOAD Drivers/STM32F4xx_HAL_Driver/Src/stm32f4xx_hal_uart.o
LOAD Middlewares/Third_Party/FreeRTOS/Source/CMSIS_RTOS_V2/cmsis_os2.o
LOAD Middlewares/Third_Party/FreeRTOS/Source/croutine.o
LOAD Middlewares/Third_Party/FreeRTOS/Source/event_groups.o
LOAD Middlewares/Third_Party/FreeRTOS/Source/list.o
LOAD Middlewares/Third_Party/FreeRTOS/Source/portable/GCC/ARM_CM4F/port.o
LOAD Middlewares/Third_Party/FreeRTOS/Source/portable/MemMang/heap_4.o
LOAD Middlewares/Third_Party/FreeRTOS/Source/queue.o
LOAD Middlewares/Third_Party/FreeRTOS/Source/stream_buffer.o
LOAD Middlewares/Third_Party/FreeRTOS/Source/tasks.o
LOAD Middlewares/Third_Party/FreeRTOS/Source/timers.o
START GROUP
LOAD /home/ubuntu/st/stm32cubeide_2.1.0/plugins/com.st.stm32cube.ide.mcu.externaltools.gnu-tools-for-stm32.14.3.rel1.linux64_1.0.100.202602081740/tools/bin/../lib/gcc/arm-none-eabi/14.3.1/../../../../arm-none-eabi/lib/thumb/v7e-m+fp/hard/libc_nano.a
LOAD /home/ubuntu/st/stm32cubeide_2.1.0/plugins/com.st.stm32cube.ide.mcu.externaltools.gnu-tools-for-stm32.14.3.rel1.linux64_1.0.100.202602081740/tools/bin/../lib/gcc/arm-none-eabi/14.3.1/../../../../arm-none-eabi/lib/thumb/v7e-m+fp/hard/libm.a
END GROUP
START GROUP
LOAD /home/ubuntu/st/stm32cubeide_2.1.0/plugins/com.st.stm32cube.ide.mcu.externaltools.gnu-tools-for-stm32.14.3.rel1.linux64_1.0.100.202602081740/tools/bin/../lib/gcc/arm-none-eabi/14.3.1/thumb/v7e-m+fp/hard/libgcc.a
LOAD /home/ubuntu/st/stm32cubeide_2.1.0/plugins/com.st.stm32cube.ide.mcu.externaltools.gnu-tools-for-stm32.14.3.rel1.linux64_1.0.100.202602081740/tools/bin/../lib/gcc/arm-none-eabi/14.3.1/../../../../arm-none-eabi/lib/thumb/v7e-m+fp/hard/libc_nano.a
END GROUP
START GROUP
LOAD /home/ubuntu/st/stm32cubeide_2.1.0/plugins/com.st.stm32cube.ide.mcu.externaltools.gnu-tools-for-stm32.14.3.rel1.linux64_1.0.100.202602081740/tools/bin/../lib/gcc/arm-none-eabi/14.3.1/thumb/v7e-m+fp/hard/libgcc.a
LOAD /home/ubuntu/st/stm32cubeide_2.1.0/plugins/com.st.stm32cube.ide.mcu.externaltools.gnu-tools-for-stm32.14.3.rel1.linux64_1.0.100.202602081740/tools/bin/../lib/gcc/arm-none-eabi/14.3.1/../../../../arm-none-eabi/lib/thumb/v7e-m+fp/hard/libc_nano.a
LOAD /home/ubuntu/st/stm32cubeide_2.1.0/plugins/com.st.stm32cube.ide.mcu.externaltools.gnu-tools-for-stm32.14.3.rel1.linux64_1.0.100.202602081740/tools/bin/../lib/gcc/arm-none-eabi/14.3.1/../../../../arm-none-eabi/lib/thumb/v7e-m+fp/hard/libnosys.a
END GROUP
START GROUP
LOAD /home/ubuntu/st/stm32cubeide_2.1.0/plugins/com.st.stm32cube.ide.mcu.externaltools.gnu-tools-for-stm32.14.3.rel1.linux64_1.0.100.202602081740/tools/bin/../lib/gcc/arm-none-eabi/14.3.1/thumb/v7e-m+fp/hard/libgcc.a
LOAD /home/ubuntu/st/stm32cubeide_2.1.0/plugins/com.st.stm32cube.ide.mcu.externaltools.gnu-tools-for-stm32.14.3.rel1.linux64_1.0.100.202602081740/tools/bin/../lib/gcc/arm-none-eabi/14.3.1/../../../../arm-none-eabi/lib/thumb/v7e-m+fp/hard/libc_nano.a
LOAD /home/ubuntu/st/stm32cubeide_2.1.0/plugins/com.st.stm32cube.ide.mcu.externaltools.gnu-tools-for-stm32.14.3.rel1.linux64_1.0.100.202602081740/tools/bin/../lib/gcc/arm-none-eabi/14.3.1/../../../../arm-none-eabi/lib/thumb/v7e-m+fp/hard/libnosys.a
END GROUP
LOAD /home/ubuntu/st/stm32cubeide_2.1.0/plugins/com.st.stm32cube.ide.mcu.externaltools.gnu-tools-for-stm32.14.3.rel1.linux64_1.0.100.202602081740/tools/bin/../lib/gcc/arm-none-eabi/14.3.1/thumb/v7e-m+fp/hard/crtend.o
LOAD /home/ubuntu/st/stm32cubeide_2.1.0/plugins/com.st.stm32cube.ide.mcu.externaltools.gnu-tools-for-stm32.14.3.rel1.linux64_1.0.100.202602081740/tools/bin/../lib/gcc/arm-none-eabi/14.3.1/thumb/v7e-m+fp/hard/crtn.o
                0x20020000                        _estack = (ORIGIN (RAM) + LENGTH (RAM))
                0x00000200                        _Min_Heap_Size = 0x200
                0x00000400                        _Min_Stack_Size = 0x400

.isr_vector     0x08000000      0x1c4
                0x08000000                        . = ALIGN (0x4)
 *(.isr_vector)
 .isr_vector    0x08000000      0x1c4 Core/Startup/startup_stm32f446retx.o
                0x08000000                g_pfnVectors
                0x080001c4                        . = ALIGN (0x4)

.text           0x080001d0     0x7ac0
                0x080001d0                        . = ALIGN (0x4)
 *(.text)
 .text          0x080001d0       0x40 /home/ubuntu/st/stm32cubeide_2.1.0/plugins/com.st.stm32cube.ide.mcu.externaltools.gnu-tools-for-stm32.14.3.rel1.linux64_1.0.100.202602081740/tools/bin/../lib/gcc/arm-none-eabi/14.3.1/thumb/v7e-m+fp/hard/crtbegin.o
 .text          0x08000210       0xa0 /home/ubuntu/st/stm32cubeide_2.1.0/plugins/com.st.stm32cube.ide.mcu.externaltools.gnu-tools-for-stm32.14.3.rel1.linux64_1.0.100.202602081740/tools/bin/../lib/gcc/arm-none-eabi/14.3.1/../../../../arm-none-eabi/lib/thumb/v7e-m+fp/hard/libc_nano.a(libc_a-memchr.o)
                0x08000210                memchr
 .text          0x080002b0       0x30 /home/ubuntu/st/stm32cubeide_2.1.0/plugins/com.st.stm32cube.ide.mcu.externaltools.gnu-tools-for-stm32.14.3.rel1.linux64_1.0.100.202602081740/tools/bin/../lib/gcc/arm-none-eabi/14.3.1/thumb/v7e-m+fp/hard/libgcc.a(_aeabi_uldivmod.o)
                0x080002b0                __aeabi_uldivmod
 .text          0x080002e0      0x2f8 /home/ubuntu/st/stm32cubeide_2.1.0/plugins/com.st.stm32cube.ide.mcu.externaltools.gnu-tools-for-stm32.14.3.rel1.linux64_1.0.100.202602081740/tools/bin/../lib/gcc/arm-none-eabi/14.3.1/thumb/v7e-m+fp/hard/libgcc.a(_udivmoddi4.o)
                0x080002e0                __udivmoddi4
 .text          0x080005d8        0x4 /home/ubuntu/st/stm32cubeide_2.1.0/plugins/com.st.stm32cube.ide.mcu.externaltools.gnu-tools-for-stm32.14.3.rel1.linux64_1.0.100.202602081740/tools/bin/../lib/gcc/arm-none-eabi/14.3.1/thumb/v7e-m+fp/hard/libgcc.a(_dvmd_tls.o)
                0x080005d8                __aeabi_ldiv0
                0x080005d8                __aeabi_idiv0
 *(.text*)
 .text.dwt_init
                0x080005dc       0x34 Core/Src/benchmark_cpu.o
 .text.benchmark_cpu_init
                0x08000610       0x2c Core/Src/benchmark_cpu.o
                0x08000610                benchmark_cpu_init
 .text.benchmark_calibrate_idle
                0x0800063c       0x40 Core/Src/benchmark_cpu.o
                0x0800063c                benchmark_calibrate_idle
 .text.benchmark_get_cpu_usage
                0x0800067c       0x68 Core/Src/benchmark_cpu.o
                0x0800067c                benchmark_get_cpu_usage
 .text.benchmark_cpu_log
                0x080006e4       0x20 Core/Src/benchmark_cpu.o
                0x080006e4                benchmark_cpu_log
 .text.benchmark_start
                0x08000704       0x18 Core/Src/benchmark_cpu.o
                0x08000704                benchmark_start
 .text.benchmark_end
                0x0800071c       0x20 Core/Src/benchmark_cpu.o
                0x0800071c                benchmark_end
 .text.benchmark_sys_init
                0x0800073c       0x48 Core/Src/benchmark_sys.o
                0x0800073c                benchmark_sys_init
 .text.benchmark_queue_update
                0x08000784       0x28 Core/Src/benchmark_sys.o
                0x08000784                benchmark_queue_update
 .text.benchmark_queue_drop
                0x080007ac       0x1c Core/Src/benchmark_sys.o
                0x080007ac                benchmark_queue_drop
 .text.benchmark_latency_record
                0x080007c8       0x28 Core/Src/benchmark_sys.o
                0x080007c8                benchmark_latency_record
 .text.benchmark_throughput_inc
                0x080007f0       0x1c Core/Src/benchmark_sys.o
                0x080007f0                benchmark_throughput_inc
 .text.benchmark_sys_log
                0x0800080c       0x9c Core/Src/benchmark_sys.o
                0x0800080c                benchmark_sys_log
 .text.vApplicationIdleHook
                0x080008a8       0x1c Core/Src/freertos.o
                0x080008a8                vApplicationIdleHook
 .text.MX_I2C1_Init
                0x080008c4       0x5c Core/Src/i2c.o
                0x080008c4                MX_I2C1_Init
 .text.main     0x08000920       0x98 Core/Src/main.o
                0x08000920                main
 .text.SystemClock_Config
                0x080009b8       0xc0 Core/Src/main.o
                0x080009b8                SystemClock_Config
 .text.MX_USART2_UART_Init
                0x08000a78       0x54 Core/Src/main.o
 .text.MX_GPIO_Init
                0x08000acc       0x50 Core/Src/main.o
 .text._write   0x08000b1c       0x2c Core/Src/main.o
                0x08000b1c                _write
 .text.StartDefaultTask
                0x08000b48       0x34 Core/Src/main.o
                0x08000b48                StartDefaultTask
 .text.StartTask02
                0x08000b7c       0x78 Core/Src/main.o
                0x08000b7c                StartTask02
 .text.StartTask03
                0x08000bf4       0x7c Core/Src/main.o
                0x08000bf4                StartTask03
 .text.Error_Handler
                0x08000c70        0xc Core/Src/main.o
                0x08000c70                Error_Handler
 .text.i2c_write
                0x08000c7c       0x38 Core/Src/sensor.o
 .text.read_calibration
                0x08000cb4       0x9c Core/Src/sensor.o
 .text.sensor_init
                0x08000d50       0x70 Core/Src/sensor.o
                0x08000d50                sensor_init
 .text.sensor_read
                0x08000dc0      0x100 Core/Src/sensor.o
                0x08000dc0                sensor_read
 .text.HAL_MspInit
                0x08000ec0       0x58 Core/Src/stm32f4xx_hal_msp.o
                0x08000ec0                HAL_MspInit
 .text.HAL_I2C_MspInit
                0x08000f18       0x90 Core/Src/stm32f4xx_hal_msp.o
                0x08000f18                HAL_I2C_MspInit
 .text.HAL_UART_MspInit
                0x08000fa8       0x90 Core/Src/stm32f4xx_hal_msp.o
                0x08000fa8                HAL_UART_MspInit
 .text.NMI_Handler
                0x08001038        0x8 Core/Src/stm32f4xx_it.o
                0x08001038                NMI_Handler
 .text.HardFault_Handler
                0x08001040        0x8 Core/Src/stm32f4xx_it.o
                0x08001040                HardFault_Handler
 .text.MemManage_Handler
                0x08001048        0x8 Core/Src/stm32f4xx_it.o
                0x08001048                MemManage_Handler
 .text.BusFault_Handler
                0x08001050        0x8 Core/Src/stm32f4xx_it.o
                0x08001050                BusFault_Handler
 .text.UsageFault_Handler
                0x08001058        0x8 Core/Src/stm32f4xx_it.o
                0x08001058                UsageFault_Handler
 .text.DebugMon_Handler
                0x08001060        0xe Core/Src/stm32f4xx_it.o
                0x08001060                DebugMon_Handler
 .text.SysTick_Handler
                0x0800106e       0x1a Core/Src/stm32f4xx_it.o
                0x0800106e                SysTick_Handler
 .text._read    0x08001088       0x3a Core/Src/syscalls.o
                0x08001088                _read
 .text._close   0x080010c2       0x18 Core/Src/syscalls.o
                0x080010c2                _close
 .text._fstat   0x080010da       0x20 Core/Src/syscalls.o
                0x080010da                _fstat
 .text._isatty  0x080010fa       0x16 Core/Src/syscalls.o
                0x080010fa                _isatty
 .text._lseek   0x08001110       0x1a Core/Src/syscalls.o
                0x08001110                _lseek
 *fill*         0x0800112a        0x2 
 .text._sbrk    0x0800112c       0x6c Core/Src/sysmem.o
                0x0800112c                _sbrk
 .text.SystemInit
                0x08001198       0x24 Core/Src/system_stm32f4xx.o
                0x08001198                SystemInit
 .text.Reset_Handler
                0x080011bc       0x50 Core/Startup/startup_stm32f446retx.o
                0x080011bc                Reset_Handler
 .text.Default_Handler
                0x0800120c        0x2 Core/Startup/startup_stm32f446retx.o
                0x0800120c                RTC_Alarm_IRQHandler
                0x0800120c                EXTI2_IRQHandler
                0x0800120c                TIM8_CC_IRQHandler
                0x0800120c                FMPI2C1_EV_IRQHandler
                0x0800120c                SPI4_IRQHandler
                0x0800120c                TIM1_CC_IRQHandler
                0x0800120c                DMA2_Stream5_IRQHandler
                0x0800120c                DMA1_Stream5_IRQHandler
                0x0800120c                PVD_IRQHandler
                0x0800120c                SDIO_IRQHandler
                0x0800120c                TAMP_STAMP_IRQHandler
                0x0800120c                CAN2_RX1_IRQHandler
                0x0800120c                EXTI3_IRQHandler
                0x0800120c                TIM8_TRG_COM_TIM14_IRQHandler
                0x0800120c                TIM1_UP_TIM10_IRQHandler
                0x0800120c                TIM8_UP_TIM13_IRQHandler
                0x0800120c                I2C3_ER_IRQHandler
                0x0800120c                EXTI0_IRQHandler
                0x0800120c                I2C2_EV_IRQHandler
                0x0800120c                DMA1_Stream2_IRQHandler
                0x0800120c                CAN1_RX0_IRQHandler
                0x0800120c                FPU_IRQHandler
                0x0800120c                OTG_HS_WKUP_IRQHandler
                0x0800120c                CAN2_SCE_IRQHandler
                0x0800120c                DMA2_Stream2_IRQHandler
                0x0800120c                SPI1_IRQHandler
                0x0800120c                TIM6_DAC_IRQHandler
                0x0800120c                TIM1_BRK_TIM9_IRQHandler
                0x0800120c                DCMI_IRQHandler
                0x0800120c                CAN2_RX0_IRQHandler
                0x0800120c                DMA2_Stream3_IRQHandler
                0x0800120c                SAI2_IRQHandler
                0x0800120c                USART6_IRQHandler
                0x0800120c                USART3_IRQHandler
                0x0800120c                CAN1_RX1_IRQHandler
                0x0800120c                UART5_IRQHandler
                0x0800120c                DMA2_Stream0_IRQHandler
                0x0800120c                TIM4_IRQHandler
                0x0800120c                QUADSPI_IRQHandler
                0x0800120c                I2C1_EV_IRQHandler
                0x0800120c                DMA1_Stream6_IRQHandler
                0x0800120c                DMA1_Stream1_IRQHandler
                0x0800120c                UART4_IRQHandler
                0x0800120c                TIM3_IRQHandler
                0x0800120c                RCC_IRQHandler
                0x0800120c                TIM8_BRK_TIM12_IRQHandler
                0x0800120c                Default_Handler
                0x0800120c                CEC_IRQHandler
                0x0800120c                EXTI15_10_IRQHandler
                0x0800120c                ADC_IRQHandler
                0x0800120c                DMA1_Stream7_IRQHandler
                0x0800120c                TIM7_IRQHandler
                0x0800120c                CAN2_TX_IRQHandler
                0x0800120c                TIM5_IRQHandler
                0x0800120c                DMA2_Stream7_IRQHandler
                0x0800120c                I2C3_EV_IRQHandler
                0x0800120c                EXTI9_5_IRQHandler
                0x0800120c                RTC_WKUP_IRQHandler
                0x0800120c                SPDIF_RX_IRQHandler
                0x0800120c                SPI2_IRQHandler
                0x0800120c                OTG_HS_EP1_IN_IRQHandler
                0x0800120c                DMA1_Stream0_IRQHandler
                0x0800120c                CAN1_TX_IRQHandler
                0x0800120c                FMPI2C1_ER_IRQHandler
                0x0800120c                EXTI4_IRQHandler
                0x0800120c                OTG_HS_EP1_OUT_IRQHandler
                0x0800120c                WWDG_IRQHandler
                0x0800120c                TIM2_IRQHandler
                0x0800120c                OTG_FS_WKUP_IRQHandler
                0x0800120c                TIM1_TRG_COM_TIM11_IRQHandler
                0x0800120c                OTG_HS_IRQHandler
                0x0800120c                EXTI1_IRQHandler
                0x0800120c                USART2_IRQHandler
                0x0800120c                I2C2_ER_IRQHandler
                0x0800120c                DMA2_Stream1_IRQHandler
                0x0800120c                CAN1_SCE_IRQHandler
                0x0800120c                FLASH_IRQHandler
                0x0800120c                DMA2_Stream4_IRQHandler
                0x0800120c                USART1_IRQHandler
                0x0800120c                OTG_FS_IRQHandler
                0x0800120c                SPI3_IRQHandler
                0x0800120c                DMA1_Stream4_IRQHandler
                0x0800120c                I2C1_ER_IRQHandler
                0x0800120c                FMC_IRQHandler
                0x0800120c                DMA2_Stream6_IRQHandler
                0x0800120c                SAI1_IRQHandler
                0x0800120c                DMA1_Stream3_IRQHandler
 *fill*         0x0800120e        0x2 
 .text.HAL_Init
                0x08001210       0x44 Drivers/STM32F4xx_HAL_Driver/Src/stm32f4xx_hal.o
                0x08001210                HAL_Init
 .text.HAL_InitTick
                0x08001254       0x60 Drivers/STM32F4xx_HAL_Driver/Src/stm32f4xx_hal.o
                0x08001254                HAL_InitTick
 .text.HAL_IncTick
                0x080012b4       0x28 Drivers/STM32F4xx_HAL_Driver/Src/stm32f4xx_hal.o
                0x080012b4                HAL_IncTick
 .text.HAL_GetTick
                0x080012dc       0x18 Drivers/STM32F4xx_HAL_Driver/Src/stm32f4xx_hal.o
                0x080012dc                HAL_GetTick
 .text.__NVIC_SetPriorityGrouping
                0x080012f4       0x48 Drivers/STM32F4xx_HAL_Driver/Src/stm32f4xx_hal_cortex.o
 .text.__NVIC_GetPriorityGrouping
                0x0800133c       0x1c Drivers/STM32F4xx_HAL_Driver/Src/stm32f4xx_hal_cortex.o
 .text.__NVIC_SetPriority
                0x08001358       0x54 Drivers/STM32F4xx_HAL_Driver/Src/stm32f4xx_hal_cortex.o
 .text.NVIC_EncodePriority
                0x080013ac       0x66 Drivers/STM32F4xx_HAL_Driver/Src/stm32f4xx_hal_cortex.o
 *fill*         0x08001412        0x2 
 .text.SysTick_Config
                0x08001414       0x44 Drivers/STM32F4xx_HAL_Driver/Src/stm32f4xx_hal_cortex.o
 .text.HAL_NVIC_SetPriorityGrouping
                0x08001458       0x16 Drivers/STM32F4xx_HAL_Driver/Src/stm32f4xx_hal_cortex.o
                0x08001458                HAL_NVIC_SetPriorityGrouping
 .text.HAL_NVIC_SetPriority
                0x0800146e       0x38 Drivers/STM32F4xx_HAL_Driver/Src/stm32f4xx_hal_cortex.o
                0x0800146e                HAL_NVIC_SetPriority
 .text.HAL_SYSTICK_Config
                0x080014a6       0x18 Drivers/STM32F4xx_HAL_Driver/Src/stm32f4xx_hal_cortex.o
                0x080014a6                HAL_SYSTICK_Config
 *fill*         0x080014be        0x2 
 .text.HAL_GPIO_Init
                0x080014c0      0x328 Drivers/STM32F4xx_HAL_Driver/Src/stm32f4xx_hal_gpio.o
                0x080014c0                HAL_GPIO_Init
 .text.HAL_I2C_Init
                0x080017e8      0x288 Drivers/STM32F4xx_HAL_Driver/Src/stm32f4xx_hal_i2c.o
                0x080017e8                HAL_I2C_Init
 .text.HAL_I2C_Master_Transmit
                0x08001a70      0x1fc Drivers/STM32F4xx_HAL_Driver/Src/stm32f4xx_hal_i2c.o
                0x08001a70                HAL_I2C_Master_Transmit
 .text.HAL_I2C_Mem_Read
                0x08001c6c      0x464 Drivers/STM32F4xx_HAL_Driver/Src/stm32f4xx_hal_i2c.o
                0x08001c6c                HAL_I2C_Mem_Read
 .text.I2C_MasterRequestWrite
                0x080020d0      0x104 Drivers/STM32F4xx_HAL_Driver/Src/stm32f4xx_hal_i2c.o
 .text.I2C_RequestMemoryRead
                0x080021d4      0x1d0 Drivers/STM32F4xx_HAL_Driver/Src/stm32f4xx_hal_i2c.o
 .text.I2C_WaitOnFlagUntilTimeout
                0x080023a4       0xf4 Drivers/STM32F4xx_HAL_Driver/Src/stm32f4xx_hal_i2c.o
 .text.I2C_WaitOnMasterAddressFlagUntilTimeout
                0x08002498      0x140 Drivers/STM32F4xx_HAL_Driver/Src/stm32f4xx_hal_i2c.o
 .text.I2C_WaitOnTXEFlagUntilTimeout
                0x080025d8       0x90 Drivers/STM32F4xx_HAL_Driver/Src/stm32f4xx_hal_i2c.o
 .text.I2C_WaitOnBTFFlagUntilTimeout
                0x08002668       0x90 Drivers/STM32F4xx_HAL_Driver/Src/stm32f4xx_hal_i2c.o
 .text.I2C_WaitOnRXNEFlagUntilTimeout
                0x080026f8       0xba Drivers/STM32F4xx_HAL_Driver/Src/stm32f4xx_hal_i2c.o
 .text.I2C_IsAcknowledgeFailed
                0x080027b2       0x5e Drivers/STM32F4xx_HAL_Driver/Src/stm32f4xx_hal_i2c.o
 .text.HAL_RCC_ClockConfig
                0x08002810      0x1cc Drivers/STM32F4xx_HAL_Driver/Src/stm32f4xx_hal_rcc.o
                0x08002810                HAL_RCC_ClockConfig
 .text.HAL_RCC_GetHCLKFreq
                0x080029dc       0x18 Drivers/STM32F4xx_HAL_Driver/Src/stm32f4xx_hal_rcc.o
                0x080029dc                HAL_RCC_GetHCLKFreq
 .text.HAL_RCC_GetPCLK1Freq
                0x080029f4       0x28 Drivers/STM32F4xx_HAL_Driver/Src/stm32f4xx_hal_rcc.o
                0x080029f4                HAL_RCC_GetPCLK1Freq
 .text.HAL_RCC_GetPCLK2Freq
                0x08002a1c       0x28 Drivers/STM32F4xx_HAL_Driver/Src/stm32f4xx_hal_rcc.o
                0x08002a1c                HAL_RCC_GetPCLK2Freq
 .text.HAL_RCC_GetSysClockFreq
                0x08002a44      0x350 Drivers/STM32F4xx_HAL_Driver/Src/stm32f4xx_hal_rcc_ex.o
                0x08002a44                HAL_RCC_GetSysClockFreq
 .text.HAL_RCC_OscConfig
                0x08002d94      0x53c Drivers/STM32F4xx_HAL_Driver/Src/stm32f4xx_hal_rcc_ex.o
                0x08002d94                HAL_RCC_OscConfig
 .text.HAL_UART_Init
                0x080032d0       0xa0 Drivers/STM32F4xx_HAL_Driver/Src/stm32f4xx_hal_uart.o
                0x080032d0                HAL_UART_Init
 .text.HAL_UART_Transmit
                0x08003370      0x116 Drivers/STM32F4xx_HAL_Driver/Src/stm32f4xx_hal_uart.o
                0x08003370                HAL_UART_Transmit
 .text.UART_WaitOnFlagUntilTimeout
                0x08003486       0xb2 Drivers/STM32F4xx_HAL_Driver/Src/stm32f4xx_hal_uart.o
 .text.UART_EndRxTransfer
                0x08003538       0xc6 Drivers/STM32F4xx_HAL_Driver/Src/stm32f4xx_hal_uart.o
 *fill*         0x080035fe        0x2 
 .text.UART_SetConfig
                0x08003600      0x4e8 Drivers/STM32F4xx_HAL_Driver/Src/stm32f4xx_hal_uart.o
 .text.__NVIC_SetPriority
                0x08003ae8       0x54 Middlewares/Third_Party/FreeRTOS/Source/CMSIS_RTOS_V2/cmsis_os2.o
 .text.SVC_Setup
                0x08003b3c       0x12 Middlewares/Third_Party/FreeRTOS/Source/CMSIS_RTOS_V2/cmsis_os2.o
 *fill*         0x08003b4e        0x2 
 .text.osKernelInitialize
                0x08003b50       0x48 Middlewares/Third_Party/FreeRTOS/Source/CMSIS_RTOS_V2/cmsis_os2.o
                0x08003b50                osKernelInitialize
 .text.osKernelStart
                0x08003b98       0x4c Middlewares/Third_Party/FreeRTOS/Source/CMSIS_RTOS_V2/cmsis_os2.o
                0x08003b98                osKernelStart
 .text.osKernelGetTickCount
                0x08003be4       0x2a Middlewares/Third_Party/FreeRTOS/Source/CMSIS_RTOS_V2/cmsis_os2.o
                0x08003be4                osKernelGetTickCount
 .text.osThreadNew
                0x08003c0e      0x124 Middlewares/Third_Party/FreeRTOS/Source/CMSIS_RTOS_V2/cmsis_os2.o
                0x08003c0e                osThreadNew
 .text.osDelay  0x08003d32       0x36 Middlewares/Third_Party/FreeRTOS/Source/CMSIS_RTOS_V2/cmsis_os2.o
                0x08003d32                osDelay
 .text.osMessageQueueNew
                0x08003d68       0xe6 Middlewares/Third_Party/FreeRTOS/Source/CMSIS_RTOS_V2/cmsis_os2.o
                0x08003d68                osMessageQueueNew
 *fill*         0x08003e4e        0x2 
 .text.osMessageQueuePut
                0x08003e50       0xc0 Middlewares/Third_Party/FreeRTOS/Source/CMSIS_RTOS_V2/cmsis_os2.o
                0x08003e50                osMessageQueuePut
 .text.osMessageQueueGet
                0x08003f10       0xbc Middlewares/Third_Party/FreeRTOS/Source/CMSIS_RTOS_V2/cmsis_os2.o
                0x08003f10                osMessageQueueGet
 .text.osMessageQueueGetCount
                0x08003fcc       0x40 Middlewares/Third_Party/FreeRTOS/Source/CMSIS_RTOS_V2/cmsis_os2.o
                0x08003fcc                osMessageQueueGetCount
 .text.vApplicationGetIdleTaskMemory
                0x0800400c       0x34 Middlewares/Third_Party/FreeRTOS/Source/CMSIS_RTOS_V2/cmsis_os2.o
                0x0800400c                vApplicationGetIdleTaskMemory
 .text.vApplicationGetTimerTaskMemory
                0x08004040       0x34 Middlewares/Third_Party/FreeRTOS/Source/CMSIS_RTOS_V2/cmsis_os2.o
                0x08004040                vApplicationGetTimerTaskMemory
 .text.vListInitialise
                0x08004074       0x40 Middlewares/Third_Party/FreeRTOS/Source/list.o
                0x08004074                vListInitialise
 .text.vListInitialiseItem
                0x080040b4       0x1a Middlewares/Third_Party/FreeRTOS/Source/list.o
                0x080040b4                vListInitialiseItem
 .text.vListInsertEnd
                0x080040ce       0x48 Middlewares/Third_Party/FreeRTOS/Source/list.o
                0x080040ce                vListInsertEnd
 .text.vListInsert
                0x08004116       0x72 Middlewares/Third_Party/FreeRTOS/Source/list.o
                0x08004116                vListInsert
 .text.uxListRemove
                0x08004188       0x54 Middlewares/Third_Party/FreeRTOS/Source/list.o
                0x08004188                uxListRemove
 .text.pxPortInitialiseStack
                0x080041dc       0x68 Middlewares/Third_Party/FreeRTOS/Source/portable/GCC/ARM_CM4F/port.o
                0x080041dc                pxPortInitialiseStack
 .text.prvTaskExitError
                0x08004244       0x5c Middlewares/Third_Party/FreeRTOS/Source/portable/GCC/ARM_CM4F/port.o
 .text.SVC_Handler
                0x080042a0       0x28 Middlewares/Third_Party/FreeRTOS/Source/portable/GCC/ARM_CM4F/port.o
                0x080042a0                SVC_Handler
 .text.prvPortStartFirstTask
                0x080042c8       0x28 Middlewares/Third_Party/FreeRTOS/Source/portable/GCC/ARM_CM4F/port.o
 .text.xPortStartScheduler
                0x080042f0      0x148 Middlewares/Third_Party/FreeRTOS/Source/portable/GCC/ARM_CM4F/port.o
                0x080042f0                xPortStartScheduler
 .text.vPortEnterCritical
                0x08004438       0x64 Middlewares/Third_Party/FreeRTOS/Source/portable/GCC/ARM_CM4F/port.o
                0x08004438                vPortEnterCritical
 .text.vPortExitCritical
                0x0800449c       0x54 Middlewares/Third_Party/FreeRTOS/Source/portable/GCC/ARM_CM4F/port.o
                0x0800449c                vPortExitCritical
 .text.PendSV_Handler
                0x080044f0       0x68 Middlewares/Third_Party/FreeRTOS/Source/portable/GCC/ARM_CM4F/port.o
                0x080044f0                PendSV_Handler
 .text.xPortSysTickHandler
                0x08004558       0x44 Middlewares/Third_Party/FreeRTOS/Source/portable/GCC/ARM_CM4F/port.o
                0x08004558                xPortSysTickHandler
 .text.vPortSetupTimerInterrupt
                0x0800459c       0x48 Middlewares/Third_Party/FreeRTOS/Source/portable/GCC/ARM_CM4F/port.o
                0x0800459c                vPortSetupTimerInterrupt
 .text.vPortEnableVFP
                0x080045e4       0x14 Middlewares/Third_Party/FreeRTOS/Source/portable/GCC/ARM_CM4F/port.o
 .text.vPortValidateInterruptPriority
                0x080045f8       0x84 Middlewares/Third_Party/FreeRTOS/Source/portable/GCC/ARM_CM4F/port.o
                0x080045f8                vPortValidateInterruptPriority
 .text.pvPortMalloc
                0x0800467c      0x19c Middlewares/Third_Party/FreeRTOS/Source/portable/MemMang/heap_4.o
                0x0800467c                pvPortMalloc
 .text.vPortFree
                0x08004818       0xc8 Middlewares/Third_Party/FreeRTOS/Source/portable/MemMang/heap_4.o
                0x08004818                vPortFree
 .text.prvHeapInit
                0x080048e0       0xc4 Middlewares/Third_Party/FreeRTOS/Source/portable/MemMang/heap_4.o
 .text.prvInsertBlockIntoFreeList
                0x080049a4       0xb4 Middlewares/Third_Party/FreeRTOS/Source/portable/MemMang/heap_4.o
 .text.xQueueGenericReset
                0x08004a58       0xd4 Middlewares/Third_Party/FreeRTOS/Source/queue.o
                0x08004a58                xQueueGenericReset
 .text.xQueueGenericCreateStatic
                0x08004b2c       0xfa Middlewares/Third_Party/FreeRTOS/Source/queue.o
                0x08004b2c                xQueueGenericCreateStatic
 .text.xQueueGenericCreate
                0x08004c26       0x76 Middlewares/Third_Party/FreeRTOS/Source/queue.o
                0x08004c26                xQueueGenericCreate
 .text.prvInitialiseNewQueue
                0x08004c9c       0x46 Middlewares/Third_Party/FreeRTOS/Source/queue.o
 *fill*         0x08004ce2        0x2 
 .text.xQueueGenericSend
                0x08004ce4      0x204 Middlewares/Third_Party/FreeRTOS/Source/queue.o
                0x08004ce4                xQueueGenericSend
 .text.xQueueGenericSendFromISR
                0x08004ee8      0x13c Middlewares/Third_Party/FreeRTOS/Source/queue.o
                0x08004ee8                xQueueGenericSendFromISR
 .text.xQueueReceive
                0x08005024      0x1c4 Middlewares/Third_Party/FreeRTOS/Source/queue.o
                0x08005024                xQueueReceive
 .text.xQueueReceiveFromISR
                0x080051e8      0x104 Middlewares/Third_Party/FreeRTOS/Source/queue.o
                0x080051e8                xQueueReceiveFromISR
 .text.uxQueueMessagesWaiting
                0x080052ec       0x3e Middlewares/Third_Party/FreeRTOS/Source/queue.o
                0x080052ec                uxQueueMessagesWaiting
 .text.uxQueueMessagesWaitingFromISR
                0x0800532a       0x3e Middlewares/Third_Party/FreeRTOS/Source/queue.o
                0x0800532a                uxQueueMessagesWaitingFromISR
 .text.prvCopyDataToQueue
                0x08005368       0xd4 Middlewares/Third_Party/FreeRTOS/Source/queue.o
 .text.prvCopyDataFromQueue
                0x0800543c       0x4c Middlewares/Third_Party/FreeRTOS/Source/queue.o
 .text.prvUnlockQueue
                0x08005488       0xa4 Middlewares/Third_Party/FreeRTOS/Source/queue.o
 .text.prvIsQueueEmpty
                0x0800552c       0x2c Middlewares/Third_Party/FreeRTOS/Source/queue.o
 .text.prvIsQueueFull
                0x08005558       0x30 Middlewares/Third_Party/FreeRTOS/Source/queue.o
 .text.vQueueAddToRegistry
                0x08005588       0x54 Middlewares/Third_Party/FreeRTOS/Source/queue.o
                0x08005588                vQueueAddToRegistry
 .text.vQueueWaitForMessageRestricted
                0x080055dc       0x68 Middlewares/Third_Party/FreeRTOS/Source/queue.o
                0x080055dc                vQueueWaitForMessageRestricted
 .text.xTaskCreateStatic
                0x08005644       0xc0 Middlewares/Third_Party/FreeRTOS/Source/tasks.o
                0x08005644                xTaskCreateStatic
 .text.xTaskCreate
                0x08005704       0x8a Middlewares/Third_Party/FreeRTOS/Source/tasks.o
                0x08005704                xTaskCreate
 .text.prvInitialiseNewTask
                0x0800578e      0x120 Middlewares/Third_Party/FreeRTOS/Source/tasks.o
 *fill*         0x080058ae        0x2 
 .text.prvAddNewTaskToReadyList
                0x080058b0       0xe0 Middlewares/Third_Party/FreeRTOS/Source/tasks.o
 .text.vTaskDelay
                0x08005990       0x6c Middlewares/Third_Party/FreeRTOS/Source/tasks.o
                0x08005990                vTaskDelay
 .text.vTaskSuspend
                0x080059fc       0xec Middlewares/Third_Party/FreeRTOS/Source/tasks.o
                0x080059fc                vTaskSuspend
 .text.prvTaskIsTaskSuspended
                0x08005ae8       0x64 Middlewares/Third_Party/FreeRTOS/Source/tasks.o
 .text.vTaskResume
                0x08005b4c       0xc0 Middlewares/Third_Party/FreeRTOS/Source/tasks.o
                0x08005b4c                vTaskResume
 .text.vTaskStartScheduler
                0x08005c0c       0xd0 Middlewares/Third_Party/FreeRTOS/Source/tasks.o
                0x08005c0c                vTaskStartScheduler
 .text.vTaskSuspendAll
                0x08005cdc       0x1c Middlewares/Third_Party/FreeRTOS/Source/tasks.o
                0x08005cdc                vTaskSuspendAll
 .text.xTaskResumeAll
                0x08005cf8      0x13c Middlewares/Third_Party/FreeRTOS/Source/tasks.o
                0x08005cf8                xTaskResumeAll
 .text.xTaskGetTickCount
                0x08005e34       0x20 Middlewares/Third_Party/FreeRTOS/Source/tasks.o
                0x08005e34                xTaskGetTickCount
 .text.xTaskGetTickCountFromISR
                0x08005e54       0x24 Middlewares/Third_Party/FreeRTOS/Source/tasks.o
                0x08005e54                xTaskGetTickCountFromISR
 .text.xTaskIncrementTick
                0x08005e78      0x174 Middlewares/Third_Party/FreeRTOS/Source/tasks.o
                0x08005e78                xTaskIncrementTick
 .text.vTaskSwitchContext
                0x08005fec       0xbc Middlewares/Third_Party/FreeRTOS/Source/tasks.o
                0x08005fec                vTaskSwitchContext
 .text.vTaskPlaceOnEventList
                0x080060a8       0x4c Middlewares/Third_Party/FreeRTOS/Source/tasks.o
                0x080060a8                vTaskPlaceOnEventList
 .text.vTaskPlaceOnEventListRestricted
                0x080060f4       0x58 Middlewares/Third_Party/FreeRTOS/Source/tasks.o
                0x080060f4                vTaskPlaceOnEventListRestricted
 .text.xTaskRemoveFromEventList
                0x0800614c       0xc8 Middlewares/Third_Party/FreeRTOS/Source/tasks.o
                0x0800614c                xTaskRemoveFromEventList
 .text.vTaskInternalSetTimeOutState
                0x08006214       0x2c Middlewares/Third_Party/FreeRTOS/Source/tasks.o
                0x08006214                vTaskInternalSetTimeOutState
 .text.xTaskCheckForTimeOut
                0x08006240       0xc8 Middlewares/Third_Party/FreeRTOS/Source/tasks.o
                0x08006240                xTaskCheckForTimeOut
 .text.vTaskMissedYield
                0x08006308       0x18 Middlewares/Third_Party/FreeRTOS/Source/tasks.o
                0x08006308                vTaskMissedYield
 .text.prvIdleTask
                0x08006320       0x34 Middlewares/Third_Party/FreeRTOS/Source/tasks.o
 .text.prvInitialiseTaskLists
                0x08006354       0x80 Middlewares/Third_Party/FreeRTOS/Source/tasks.o
 .text.prvCheckTasksWaitingTermination
                0x080063d4       0x5c Middlewares/Third_Party/FreeRTOS/Source/tasks.o
 .text.prvDeleteTCB
                0x08006430       0x60 Middlewares/Third_Party/FreeRTOS/Source/tasks.o
 .text.prvResetNextTaskUnblockTime
                0x08006490       0x40 Middlewares/Third_Party/FreeRTOS/Source/tasks.o
 .text.xTaskGetSchedulerState
                0x080064d0       0x3c Middlewares/Third_Party/FreeRTOS/Source/tasks.o
                0x080064d0                xTaskGetSchedulerState
 .text.xTaskPriorityDisinherit
                0x0800650c       0xe0 Middlewares/Third_Party/FreeRTOS/Source/tasks.o
                0x0800650c                xTaskPriorityDisinherit
 .text.prvAddCurrentTaskToDelayedList
                0x080065ec       0xa8 Middlewares/Third_Party/FreeRTOS/Source/tasks.o
 .text.xTimerCreateTimerTask
                0x08006694       0x94 Middlewares/Third_Party/FreeRTOS/Source/timers.o
                0x08006694                xTimerCreateTimerTask
 .text.xTimerGenericCommand
                0x08006728       0x9c Middlewares/Third_Party/FreeRTOS/Source/timers.o
                0x08006728                xTimerGenericCommand
 .text.prvProcessExpiredTimer
                0x080067c4       0x9c Middlewares/Third_Party/FreeRTOS/Source/timers.o
 .text.prvTimerTask
                0x08006860       0x26 Middlewares/Third_Party/FreeRTOS/Source/timers.o
 *fill*         0x08006886        0x2 
 .text.prvProcessTimerOrBlockTask
                0x08006888       0x9c Middlewares/Third_Party/FreeRTOS/Source/timers.o
 .text.prvGetNextExpireTime
                0x08006924       0x48 Middlewares/Third_Party/FreeRTOS/Source/timers.o
 .text.prvSampleTimeNow
                0x0800696c       0x40 Middlewares/Third_Party/FreeRTOS/Source/timers.o
 .text.prvInsertTimerInActiveList
                0x080069ac       0x84 Middlewares/Third_Party/FreeRTOS/Source/timers.o
 .text.prvProcessReceivedCommands
                0x08006a30      0x1cc Middlewares/Third_Party/FreeRTOS/Source/timers.o
 .text.prvSwitchTimerLists
                0x08006bfc       0xcc Middlewares/Third_Party/FreeRTOS/Source/timers.o
 .text.prvCheckForValidListAndQueue
                0x08006cc8       0x80 Middlewares/Third_Party/FreeRTOS/Source/timers.o
 .text.std      0x08006d48       0x6c /home/ubuntu/st/stm32cubeide_2.1.0/plugins/com.st.stm32cube.ide.mcu.externaltools.gnu-tools-for-stm32.14.3.rel1.linux64_1.0.100.202602081740/tools/bin/../lib/gcc/arm-none-eabi/14.3.1/../../../../arm-none-eabi/lib/thumb/v7e-m+fp/hard/libc_nano.a(libc_a-findfp.o)
 .text.stdio_exit_handler
                0x08006db4       0x18 /home/ubuntu/st/stm32cubeide_2.1.0/plugins/com.st.stm32cube.ide.mcu.externaltools.gnu-tools-for-stm32.14.3.rel1.linux64_1.0.100.202602081740/tools/bin/../lib/gcc/arm-none-eabi/14.3.1/../../../../arm-none-eabi/lib/thumb/v7e-m+fp/hard/libc_nano.a(libc_a-findfp.o)
 .text.cleanup_stdio
                0x08006dcc       0x40 /home/ubuntu/st/stm32cubeide_2.1.0/plugins/com.st.stm32cube.ide.mcu.externaltools.gnu-tools-for-stm32.14.3.rel1.linux64_1.0.100.202602081740/tools/bin/../lib/gcc/arm-none-eabi/14.3.1/../../../../arm-none-eabi/lib/thumb/v7e-m+fp/hard/libc_nano.a(libc_a-findfp.o)
 .text.global_stdio_init.part.0
                0x08006e0c       0x40 /home/ubuntu/st/stm32cubeide_2.1.0/plugins/com.st.stm32cube.ide.mcu.externaltools.gnu-tools-for-stm32.14.3.rel1.linux64_1.0.100.202602081740/tools/bin/../lib/gcc/arm-none-eabi/14.3.1/../../../../arm-none-eabi/lib/thumb/v7e-m+fp/hard/libc_nano.a(libc_a-findfp.o)
 .text.__sfp_lock_acquire
                0x08006e4c        0xc /home/ubuntu/st/stm32cubeide_2.1.0/plugins/com.st.stm32cube.ide.mcu.externaltools.gnu-tools-for-stm32.14.3.rel1.linux64_1.0.100.202602081740/tools/bin/../lib/gcc/arm-none-eabi/14.3.1/../../../../arm-none-eabi/lib/thumb/v7e-m+fp/hard/libc_nano.a(libc_a-findfp.o)
                0x08006e4c                __sfp_lock_acquire
 .text.__sfp_lock_release
                0x08006e58        0xc /home/ubuntu/st/stm32cubeide_2.1.0/plugins/com.st.stm32cube.ide.mcu.externaltools.gnu-tools-for-stm32.14.3.rel1.linux64_1.0.100.202602081740/tools/bin/../lib/gcc/arm-none-eabi/14.3.1/../../../../arm-none-eabi/lib/thumb/v7e-m+fp/hard/libc_nano.a(libc_a-findfp.o)
                0x08006e58                __sfp_lock_release
 .text.__sinit  0x08006e64       0x30 /home/ubuntu/st/stm32cubeide_2.1.0/plugins/com.st.stm32cube.ide.mcu.externaltools.gnu-tools-for-stm32.14.3.rel1.linux64_1.0.100.202602081740/tools/bin/../lib/gcc/arm-none-eabi/14.3.1/../../../../arm-none-eabi/lib/thumb/v7e-m+fp/hard/libc_nano.a(libc_a-findfp.o)
                0x08006e64                __sinit
 .text._fwalk_sglue
                0x08006e94       0x3c /home/ubuntu/st/stm32cubeide_2.1.0/plugins/com.st.stm32cube.ide.mcu.externaltools.gnu-tools-for-stm32.14.3.rel1.linux64_1.0.100.202602081740/tools/bin/../lib/gcc/arm-none-eabi/14.3.1/../../../../arm-none-eabi/lib/thumb/v7e-m+fp/hard/libc_nano.a(libc_a-fwalk.o)
                0x08006e94                _fwalk_sglue
 .text.printf   0x08006ed0       0x24 /home/ubuntu/st/stm32cubeide_2.1.0/plugins/com.st.stm32cube.ide.mcu.externaltools.gnu-tools-for-stm32.14.3.rel1.linux64_1.0.100.202602081740/tools/bin/../lib/gcc/arm-none-eabi/14.3.1/../../../../arm-none-eabi/lib/thumb/v7e-m+fp/hard/libc_nano.a(libc_a-printf.o)
                0x08006ed0                printf
                0x08006ed0                iprintf
 .text._puts_r  0x08006ef4       0xaa /home/ubuntu/st/stm32cubeide_2.1.0/plugins/com.st.stm32cube.ide.mcu.externaltools.gnu-tools-for-stm32.14.3.rel1.linux64_1.0.100.202602081740/tools/bin/../lib/gcc/arm-none-eabi/14.3.1/../../../../arm-none-eabi/lib/thumb/v7e-m+fp/hard/libc_nano.a(libc_a-puts.o)
                0x08006ef4                _puts_r
 *fill*         0x08006f9e        0x2 
 .text.puts     0x08006fa0       0x10 /home/ubuntu/st/stm32cubeide_2.1.0/plugins/com.st.stm32cube.ide.mcu.externaltools.gnu-tools-for-stm32.14.3.rel1.linux64_1.0.100.202602081740/tools/bin/../lib/gcc/arm-none-eabi/14.3.1/../../../../arm-none-eabi/lib/thumb/v7e-m+fp/hard/libc_nano.a(libc_a-puts.o)
                0x08006fa0                puts
 .text.__sread  0x08006fb0       0x22 /home/ubuntu/st/stm32cubeide_2.1.0/plugins/com.st.stm32cube.ide.mcu.externaltools.gnu-tools-for-stm32.14.3.rel1.linux64_1.0.100.202602081740/tools/bin/../lib/gcc/arm-none-eabi/14.3.1/../../../../arm-none-eabi/lib/thumb/v7e-m+fp/hard/libc_nano.a(libc_a-stdio.o)
                0x08006fb0                __sread
 .text.__swrite
                0x08006fd2       0x38 /home/ubuntu/st/stm32cubeide_2.1.0/plugins/com.st.stm32cube.ide.mcu.externaltools.gnu-tools-for-stm32.14.3.rel1.linux64_1.0.100.202602081740/tools/bin/../lib/gcc/arm-none-eabi/14.3.1/../../../../arm-none-eabi/lib/thumb/v7e-m+fp/hard/libc_nano.a(libc_a-stdio.o)
                0x08006fd2                __swrite
 .text.__sseek  0x0800700a       0x26 /home/ubuntu/st/stm32cubeide_2.1.0/plugins/com.st.stm32cube.ide.mcu.externaltools.gnu-tools-for-stm32.14.3.rel1.linux64_1.0.100.202602081740/tools/bin/../lib/gcc/arm-none-eabi/14.3.1/../../../../arm-none-eabi/lib/thumb/v7e-m+fp/hard/libc_nano.a(libc_a-stdio.o)
                0x0800700a                __sseek
 .text.__sclose
                0x08007030        0x8 /home/ubuntu/st/stm32cubeide_2.1.0/plugins/com.st.stm32cube.ide.mcu.externaltools.gnu-tools-for-stm32.14.3.rel1.linux64_1.0.100.202602081740/tools/bin/../lib/gcc/arm-none-eabi/14.3.1/../../../../arm-none-eabi/lib/thumb/v7e-m+fp/hard/libc_nano.a(libc_a-stdio.o)
                0x08007030                __sclose
 .text.__swbuf_r
                0x08007038       0x7c /home/ubuntu/st/stm32cubeide_2.1.0/plugins/com.st.stm32cube.ide.mcu.externaltools.gnu-tools-for-stm32.14.3.rel1.linux64_1.0.100.202602081740/tools/bin/../lib/gcc/arm-none-eabi/14.3.1/../../../../arm-none-eabi/lib/thumb/v7e-m+fp/hard/libc_nano.a(libc_a-wbuf.o)
                0x08007038                __swbuf_r
 .text.__swsetup_r
                0x080070b4       0xa8 /home/ubuntu/st/stm32cubeide_2.1.0/plugins/com.st.stm32cube.ide.mcu.externaltools.gnu-tools-for-stm32.14.3.rel1.linux64_1.0.100.202602081740/tools/bin/../lib/gcc/arm-none-eabi/14.3.1/../../../../arm-none-eabi/lib/thumb/v7e-m+fp/hard/libc_nano.a(libc_a-wsetup.o)
                0x080070b4                __swsetup_r
 .text.memset   0x0800715c       0x10 /home/ubuntu/st/stm32cubeide_2.1.0/plugins/com.st.stm32cube.ide.mcu.externaltools.gnu-tools-for-stm32.14.3.rel1.linux64_1.0.100.202602081740/tools/bin/../lib/gcc/arm-none-eabi/14.3.1/../../../../arm-none-eabi/lib/thumb/v7e-m+fp/hard/libc_nano.a(libc_a-memset.o)
                0x0800715c                memset
 .text._close_r
                0x0800716c       0x20 /home/ubuntu/st/stm32cubeide_2.1.0/plugins/com.st.stm32cube.ide.mcu.externaltools.gnu-tools-for-stm32.14.3.rel1.linux64_1.0.100.202602081740/tools/bin/../lib/gcc/arm-none-eabi/14.3.1/../../../../arm-none-eabi/lib/thumb/v7e-m+fp/hard/libc_nano.a(libc_a-closer.o)
                0x0800716c                _close_r
 .text._lseek_r
                0x0800718c       0x24 /home/ubuntu/st/stm32cubeide_2.1.0/plugins/com.st.stm32cube.ide.mcu.externaltools.gnu-tools-for-stm32.14.3.rel1.linux64_1.0.100.202602081740/tools/bin/../lib/gcc/arm-none-eabi/14.3.1/../../../../arm-none-eabi/lib/thumb/v7e-m+fp/hard/libc_nano.a(libc_a-lseekr.o)
                0x0800718c                _lseek_r
 .text._read_r  0x080071b0       0x24 /home/ubuntu/st/stm32cubeide_2.1.0/plugins/com.st.stm32cube.ide.mcu.externaltools.gnu-tools-for-stm32.14.3.rel1.linux64_1.0.100.202602081740/tools/bin/../lib/gcc/arm-none-eabi/14.3.1/../../../../arm-none-eabi/lib/thumb/v7e-m+fp/hard/libc_nano.a(libc_a-readr.o)
                0x080071b0                _read_r
 .text._write_r
                0x080071d4       0x24 /home/ubuntu/st/stm32cubeide_2.1.0/plugins/com.st.stm32cube.ide.mcu.externaltools.gnu-tools-for-stm32.14.3.rel1.linux64_1.0.100.202602081740/tools/bin/../lib/gcc/arm-none-eabi/14.3.1/../../../../arm-none-eabi/lib/thumb/v7e-m+fp/hard/libc_nano.a(libc_a-writer.o)
                0x080071d4                _write_r
 .text.__errno  0x080071f8        0xc /home/ubuntu/st/stm32cubeide_2.1.0/plugins/com.st.stm32cube.ide.mcu.externaltools.gnu-tools-for-stm32.14.3.rel1.linux64_1.0.100.202602081740/tools/bin/../lib/gcc/arm-none-eabi/14.3.1/../../../../arm-none-eabi/lib/thumb/v7e-m+fp/hard/libc_nano.a(libc_a-errno.o)
                0x080071f8                __errno
 .text.__libc_init_array
                0x08007204       0x48 /home/ubuntu/st/stm32cubeide_2.1.0/plugins/com.st.stm32cube.ide.mcu.externaltools.gnu-tools-for-stm32.14.3.rel1.linux64_1.0.100.202602081740/tools/bin/../lib/gcc/arm-none-eabi/14.3.1/../../../../arm-none-eabi/lib/thumb/v7e-m+fp/hard/libc_nano.a(libc_a-init.o)
                0x08007204                __libc_init_array
 .text.__retarget_lock_init_recursive
                0x0800724c        0x2 /home/ubuntu/st/stm32cubeide_2.1.0/plugins/com.st.stm32cube.ide.mcu.externaltools.gnu-tools-for-stm32.14.3.rel1.linux64_1.0.100.202602081740/tools/bin/../lib/gcc/arm-none-eabi/14.3.1/../../../../arm-none-eabi/lib/thumb/v7e-m+fp/hard/libc_nano.a(libc_a-lock.o)
                0x0800724c                __retarget_lock_init_recursive
 .text.__retarget_lock_acquire_recursive
                0x0800724e        0x2 /home/ubuntu/st/stm32cubeide_2.1.0/plugins/com.st.stm32cube.ide.mcu.externaltools.gnu-tools-for-stm32.14.3.rel1.linux64_1.0.100.202602081740/tools/bin/../lib/gcc/arm-none-eabi/14.3.1/../../../../arm-none-eabi/lib/thumb/v7e-m+fp/hard/libc_nano.a(libc_a-lock.o)
                0x0800724e                __retarget_lock_acquire_recursive
 .text.__retarget_lock_release_recursive
                0x08007250        0x2 /home/ubuntu/st/stm32cubeide_2.1.0/plugins/com.st.stm32cube.ide.mcu.externaltools.gnu-tools-for-stm32.14.3.rel1.linux64_1.0.100.202602081740/tools/bin/../lib/gcc/arm-none-eabi/14.3.1/../../../../arm-none-eabi/lib/thumb/v7e-m+fp/hard/libc_nano.a(libc_a-lock.o)
                0x08007250                __retarget_lock_release_recursive
 .text.memcpy   0x08007252       0x1c /home/ubuntu/st/stm32cubeide_2.1.0/plugins/com.st.stm32cube.ide.mcu.externaltools.gnu-tools-for-stm32.14.3.rel1.linux64_1.0.100.202602081740/tools/bin/../lib/gcc/arm-none-eabi/14.3.1/../../../../arm-none-eabi/lib/thumb/v7e-m+fp/hard/libc_nano.a(libc_a-memcpy-stub.o)
                0x08007252                memcpy
 *fill*         0x0800726e        0x2 
 .text._free_r  0x08007270       0x94 /home/ubuntu/st/stm32cubeide_2.1.0/plugins/com.st.stm32cube.ide.mcu.externaltools.gnu-tools-for-stm32.14.3.rel1.linux64_1.0.100.202602081740/tools/bin/../lib/gcc/arm-none-eabi/14.3.1/../../../../arm-none-eabi/lib/thumb/v7e-m+fp/hard/libc_nano.a(libc_a-freer.o)
                0x08007270                _free_r
 .text.sbrk_aligned
                0x08007304       0x44 /home/ubuntu/st/stm32cubeide_2.1.0/plugins/com.st.stm32cube.ide.mcu.externaltools.gnu-tools-for-stm32.14.3.rel1.linux64_1.0.100.202602081740/tools/bin/../lib/gcc/arm-none-eabi/14.3.1/../../../../arm-none-eabi/lib/thumb/v7e-m+fp/hard/libc_nano.a(libc_a-mallocr.o)
 .text._malloc_r
                0x08007348      0x100 /home/ubuntu/st/stm32cubeide_2.1.0/plugins/com.st.stm32cube.ide.mcu.externaltools.gnu-tools-for-stm32.14.3.rel1.linux64_1.0.100.202602081740/tools/bin/../lib/gcc/arm-none-eabi/14.3.1/../../../../arm-none-eabi/lib/thumb/v7e-m+fp/hard/libc_nano.a(libc_a-mallocr.o)
                0x08007348                _malloc_r
 .text.__malloc_lock
                0x08007448        0xc /home/ubuntu/st/stm32cubeide_2.1.0/plugins/com.st.stm32cube.ide.mcu.externaltools.gnu-tools-for-stm32.14.3.rel1.linux64_1.0.100.202602081740/tools/bin/../lib/gcc/arm-none-eabi/14.3.1/../../../../arm-none-eabi/lib/thumb/v7e-m+fp/hard/libc_nano.a(libc_a-mlock.o)
                0x08007448                __malloc_lock
 .text.__malloc_unlock
                0x08007454        0xc /home/ubuntu/st/stm32cubeide_2.1.0/plugins/com.st.stm32cube.ide.mcu.externaltools.gnu-tools-for-stm32.14.3.rel1.linux64_1.0.100.202602081740/tools/bin/../lib/gcc/arm-none-eabi/14.3.1/../../../../arm-none-eabi/lib/thumb/v7e-m+fp/hard/libc_nano.a(libc_a-mlock.o)
                0x08007454                __malloc_unlock
 .text.__sfputc_r
                0x08007460       0x2e /home/ubuntu/st/stm32cubeide_2.1.0/plugins/com.st.stm32cube.ide.mcu.externaltools.gnu-tools-for-stm32.14.3.rel1.linux64_1.0.100.202602081740/tools/bin/../lib/gcc/arm-none-eabi/14.3.1/../../../../arm-none-eabi/lib/thumb/v7e-m+fp/hard/libc_nano.a(libc_a-nano-vfprintf.o)
 .text.__sfputs_r
                0x0800748e       0x24 /home/ubuntu/st/stm32cubeide_2.1.0/plugins/com.st.stm32cube.ide.mcu.externaltools.gnu-tools-for-stm32.14.3.rel1.linux64_1.0.100.202602081740/tools/bin/../lib/gcc/arm-none-eabi/14.3.1/../../../../arm-none-eabi/lib/thumb/v7e-m+fp/hard/libc_nano.a(libc_a-nano-vfprintf.o)
                0x0800748e                __sfputs_r
 *fill*         0x080074b2        0x2 
 .text._vfprintf_r
                0x080074b4      0x228 /home/ubuntu/st/stm32cubeide_2.1.0/plugins/com.st.stm32cube.ide.mcu.externaltools.gnu-tools-for-stm32.14.3.rel1.linux64_1.0.100.202602081740/tools/bin/../lib/gcc/arm-none-eabi/14.3.1/../../../../arm-none-eabi/lib/thumb/v7e-m+fp/hard/libc_nano.a(libc_a-nano-vfprintf.o)
                0x080074b4                _vfiprintf_r
                0x080074b4                _vfprintf_r
 .text._printf_common
                0x080076dc       0xda /home/ubuntu/st/stm32cubeide_2.1.0/plugins/com.st.stm32cube.ide.mcu.externaltools.gnu-tools-for-stm32.14.3.rel1.linux64_1.0.100.202602081740/tools/bin/../lib/gcc/arm-none-eabi/14.3.1/../../../../arm-none-eabi/lib/thumb/v7e-m+fp/hard/libc_nano.a(libc_a-nano-vfprintf_i.o)
                0x080076dc                _printf_common
 *fill*         0x080077b6        0x2 
 .text._printf_i
                0x080077b8      0x24c /home/ubuntu/st/stm32cubeide_2.1.0/plugins/com.st.stm32cube.ide.mcu.externaltools.gnu-tools-for-stm32.14.3.rel1.linux64_1.0.100.202602081740/tools/bin/../lib/gcc/arm-none-eabi/14.3.1/../../../../arm-none-eabi/lib/thumb/v7e-m+fp/hard/libc_nano.a(libc_a-nano-vfprintf_i.o)
                0x080077b8                _printf_i
 .text.__sflush_r
                0x08007a04      0x104 /home/ubuntu/st/stm32cubeide_2.1.0/plugins/com.st.stm32cube.ide.mcu.externaltools.gnu-tools-for-stm32.14.3.rel1.linux64_1.0.100.202602081740/tools/bin/../lib/gcc/arm-none-eabi/14.3.1/../../../../arm-none-eabi/lib/thumb/v7e-m+fp/hard/libc_nano.a(libc_a-fflush.o)
                0x08007a04                __sflush_r
 .text._fflush_r
                0x08007b08       0x50 /home/ubuntu/st/stm32cubeide_2.1.0/plugins/com.st.stm32cube.ide.mcu.externaltools.gnu-tools-for-stm32.14.3.rel1.linux64_1.0.100.202602081740/tools/bin/../lib/gcc/arm-none-eabi/14.3.1/../../../../arm-none-eabi/lib/thumb/v7e-m+fp/hard/libc_nano.a(libc_a-fflush.o)
                0x08007b08                _fflush_r
 .text.__swhatbuf_r
                0x08007b58       0x48 /home/ubuntu/st/stm32cubeide_2.1.0/plugins/com.st.stm32cube.ide.mcu.externaltools.gnu-tools-for-stm32.14.3.rel1.linux64_1.0.100.202602081740/tools/bin/../lib/gcc/arm-none-eabi/14.3.1/../../../../arm-none-eabi/lib/thumb/v7e-m+fp/hard/libc_nano.a(libc_a-makebuf.o)
                0x08007b58                __swhatbuf_r
 .text.__smakebuf_r
                0x08007ba0       0x72 /home/ubuntu/st/stm32cubeide_2.1.0/plugins/com.st.stm32cube.ide.mcu.externaltools.gnu-tools-for-stm32.14.3.rel1.linux64_1.0.100.202602081740/tools/bin/../lib/gcc/arm-none-eabi/14.3.1/../../../../arm-none-eabi/lib/thumb/v7e-m+fp/hard/libc_nano.a(libc_a-makebuf.o)
                0x08007ba0                __smakebuf_r
 *fill*         0x08007c12        0x2 
 .text._fstat_r
                0x08007c14       0x24 /home/ubuntu/st/stm32cubeide_2.1.0/plugins/com.st.stm32cube.ide.mcu.externaltools.gnu-tools-for-stm32.14.3.rel1.linux64_1.0.100.202602081740/tools/bin/../lib/gcc/arm-none-eabi/14.3.1/../../../../arm-none-eabi/lib/thumb/v7e-m+fp/hard/libc_nano.a(libc_a-fstatr.o)
                0x08007c14                _fstat_r
 .text._isatty_r
                0x08007c38       0x20 /home/ubuntu/st/stm32cubeide_2.1.0/plugins/com.st.stm32cube.ide.mcu.externaltools.gnu-tools-for-stm32.14.3.rel1.linux64_1.0.100.202602081740/tools/bin/../lib/gcc/arm-none-eabi/14.3.1/../../../../arm-none-eabi/lib/thumb/v7e-m+fp/hard/libc_nano.a(libc_a-isattyr.o)
                0x08007c38                _isatty_r
 .text._sbrk_r  0x08007c58       0x20 /home/ubuntu/st/stm32cubeide_2.1.0/plugins/com.st.stm32cube.ide.mcu.externaltools.gnu-tools-for-stm32.14.3.rel1.linux64_1.0.100.202602081740/tools/bin/../lib/gcc/arm-none-eabi/14.3.1/../../../../arm-none-eabi/lib/thumb/v7e-m+fp/hard/libc_nano.a(libc_a-sbrkr.o)
                0x08007c58                _sbrk_r
 *(.glue_7)
 .glue_7        0x08007c78        0x0 linker stubs
 *(.glue_7t)
 .glue_7t       0x08007c78        0x0 linker stubs
 *(.eh_frame)
 .eh_frame      0x08007c78        0x0 /home/ubuntu/st/stm32cubeide_2.1.0/plugins/com.st.stm32cube.ide.mcu.externaltools.gnu-tools-for-stm32.14.3.rel1.linux64_1.0.100.202602081740/tools/bin/../lib/gcc/arm-none-eabi/14.3.1/thumb/v7e-m+fp/hard/crtbegin.o
 *(.init)
 .init          0x08007c78        0x4 /home/ubuntu/st/stm32cubeide_2.1.0/plugins/com.st.stm32cube.ide.mcu.externaltools.gnu-tools-for-stm32.14.3.rel1.linux64_1.0.100.202602081740/tools/bin/../lib/gcc/arm-none-eabi/14.3.1/thumb/v7e-m+fp/hard/crti.o
                0x08007c78                _init
 .init          0x08007c7c        0x8 /home/ubuntu/st/stm32cubeide_2.1.0/plugins/com.st.stm32cube.ide.mcu.externaltools.gnu-tools-for-stm32.14.3.rel1.linux64_1.0.100.202602081740/tools/bin/../lib/gcc/arm-none-eabi/14.3.1/thumb/v7e-m+fp/hard/crtn.o
 *(.fini)
 .fini          0x08007c84        0x4 /home/ubuntu/st/stm32cubeide_2.1.0/plugins/com.st.stm32cube.ide.mcu.externaltools.gnu-tools-for-stm32.14.3.rel1.linux64_1.0.100.202602081740/tools/bin/../lib/gcc/arm-none-eabi/14.3.1/thumb/v7e-m+fp/hard/crti.o
                0x08007c84                _fini
 .fini          0x08007c88        0x8 /home/ubuntu/st/stm32cubeide_2.1.0/plugins/com.st.stm32cube.ide.mcu.externaltools.gnu-tools-for-stm32.14.3.rel1.linux64_1.0.100.202602081740/tools/bin/../lib/gcc/arm-none-eabi/14.3.1/thumb/v7e-m+fp/hard/crtn.o
                0x08007c90                        . = ALIGN (0x4)
                0x08007c90                        _etext = .

.vfp11_veneer   0x08007c90        0x0
 .vfp11_veneer  0x08007c90        0x0 linker stubs

.v4_bx          0x08007c90        0x0
 .v4_bx         0x08007c90        0x0 linker stubs

.iplt           0x08007c90        0x0
 .iplt          0x08007c90        0x0 /home/ubuntu/st/stm32cubeide_2.1.0/plugins/com.st.stm32cube.ide.mcu.externaltools.gnu-tools-for-stm32.14.3.rel1.linux64_1.0.100.202602081740/tools/bin/../lib/gcc/arm-none-eabi/14.3.1/thumb/v7e-m+fp/hard/crtbegin.o

.rodata         0x08007c90      0x1a0
                0x08007c90                        . = ALIGN (0x4)
 *(.rodata)
 .rodata        0x08007c90       0x45 Core/Src/benchmark_cpu.o
 *fill*         0x08007cd5        0x3 
 .rodata        0x08007cd8       0x3d Core/Src/benchmark_sys.o
 *fill*         0x08007d15        0x3 
 .rodata        0x08007d18       0x2d Core/Src/main.o
 *fill*         0x08007d45        0x3 
 .rodata        0x08007d48        0x5 Middlewares/Third_Party/FreeRTOS/Source/tasks.o
 *fill*         0x08007d4d        0x3 
 .rodata        0x08007d50        0xd Middlewares/Third_Party/FreeRTOS/Source/timers.o
 *(.rodata*)
 *fill*         0x08007d5d        0x3 
 .rodata.defaultTask_attributes
                0x08007d60       0x24 Core/Src/main.o
                0x08007d60                defaultTask_attributes
 .rodata.SensorTask_attributes
                0x08007d84       0x24 Core/Src/main.o
                0x08007d84                SensorTask_attributes
 .rodata.LoggerTask_attributes
                0x08007da8       0x24 Core/Src/main.o
                0x08007da8                LoggerTask_attributes
 .rodata.logQueue_attributes
                0x08007dcc       0x18 Core/Src/main.o
                0x08007dcc                logQueue_attributes
 .rodata.AHBPrescTable
                0x08007de4       0x10 Core/Src/system_stm32f4xx.o
                0x08007de4                AHBPrescTable
 .rodata.APBPrescTable
                0x08007df4        0x8 Core/Src/system_stm32f4xx.o
                0x08007df4                APBPrescTable
 .rodata._vfprintf_r.str1.1
                0x08007dfc       0x33 /home/ubuntu/st/stm32cubeide_2.1.0/plugins/com.st.stm32cube.ide.mcu.externaltools.gnu-tools-for-stm32.14.3.rel1.linux64_1.0.100.202602081740/tools/bin/../lib/gcc/arm-none-eabi/14.3.1/../../../../arm-none-eabi/lib/thumb/v7e-m+fp/hard/libc_nano.a(libc_a-nano-vfprintf.o)
                                 0x11 (size before relaxing)
 .rodata._printf_i.str1.1
                0x08007e2f       0x22 /home/ubuntu/st/stm32cubeide_2.1.0/plugins/com.st.stm32cube.ide.mcu.externaltools.gnu-tools-for-stm32.14.3.rel1.linux64_1.0.100.202602081740/tools/bin/../lib/gcc/arm-none-eabi/14.3.1/../../../../arm-none-eabi/lib/thumb/v7e-m+fp/hard/libc_nano.a(libc_a-nano-vfprintf_i.o)
                0x08007e54                        . = ALIGN (0x4)
 *fill*         0x08007e2f        0x1 

.ARM.extab      0x08007e30        0x0
                0x08007e30                        . = ALIGN (0x4)
 *(.ARM.extab* .gnu.linkonce.armextab.*)
                0x08007e30                        . = ALIGN (0x4)

.ARM            0x08007e30        0x8
                0x08007e30                        . = ALIGN (0x4)
                0x08007e30                        __exidx_start = .
 *(.ARM.exidx*)
 .ARM.exidx     0x08007e30        0x8 /home/ubuntu/st/stm32cubeide_2.1.0/plugins/com.st.stm32cube.ide.mcu.externaltools.gnu-tools-for-stm32.14.3.rel1.linux64_1.0.100.202602081740/tools/bin/../lib/gcc/arm-none-eabi/14.3.1/../../../../arm-none-eabi/lib/thumb/v7e-m+fp/hard/libc_nano.a(libc_a-memchr.o)
 .ARM.exidx     0x08007e38        0x0 /home/ubuntu/st/stm32cubeide_2.1.0/plugins/com.st.stm32cube.ide.mcu.externaltools.gnu-tools-for-stm32.14.3.rel1.linux64_1.0.100.202602081740/tools/bin/../lib/gcc/arm-none-eabi/14.3.1/thumb/v7e-m+fp/hard/libgcc.a(_udivmoddi4.o)
                                  0x8 (size before relaxing)
                0x08007e38                        __exidx_end = .
                0x08007e38                        . = ALIGN (0x4)

.preinit_array  0x08007e38        0x0
                0x08007e38                        . = ALIGN (0x4)
                0x08007e38                        PROVIDE (__preinit_array_start = .)
 *(.preinit_array*)
                0x08007e38                        PROVIDE (__preinit_array_end = .)
                0x08007e38                        . = ALIGN (0x4)

.init_array     0x08007e38        0x4
                0x08007e38                        . = ALIGN (0x4)
                0x08007e38                        PROVIDE (__init_array_start = .)
 *(SORT_BY_NAME(.init_array.*))
 *(.init_array*)
 .init_array    0x08007e38        0x4 /home/ubuntu/st/stm32cubeide_2.1.0/plugins/com.st.stm32cube.ide.mcu.externaltools.gnu-tools-for-stm32.14.3.rel1.linux64_1.0.100.202602081740/tools/bin/../lib/gcc/arm-none-eabi/14.3.1/thumb/v7e-m+fp/hard/crtbegin.o
                0x08007e3c                        PROVIDE (__init_array_end = .)
                0x08007e3c                        . = ALIGN (0x4)

.fini_array     0x08007e3c        0x4
                0x08007e3c                        . = ALIGN (0x4)
                [!provide]                        PROVIDE (__fini_array_start = .)
 *(SORT_BY_NAME(.fini_array.*))
 *(.fini_array*)
 .fini_array    0x08007e3c        0x4 /home/ubuntu/st/stm32cubeide_2.1.0/plugins/com.st.stm32cube.ide.mcu.externaltools.gnu-tools-for-stm32.14.3.rel1.linux64_1.0.100.202602081740/tools/bin/../lib/gcc/arm-none-eabi/14.3.1/thumb/v7e-m+fp/hard/crtbegin.o
                [!provide]                        PROVIDE (__fini_array_end = .)
                0x08007e40                        . = ALIGN (0x4)
                0x08007e40                        _sidata = LOADADDR (.data)

.rel.dyn        0x08007e40        0x0
 .rel.iplt      0x08007e40        0x0 /home/ubuntu/st/stm32cubeide_2.1.0/plugins/com.st.stm32cube.ide.mcu.externaltools.gnu-tools-for-stm32.14.3.rel1.linux64_1.0.100.202602081740/tools/bin/../lib/gcc/arm-none-eabi/14.3.1/thumb/v7e-m+fp/hard/crtbegin.o

.data           0x20000000       0x6c load address 0x08007e40
                0x20000000                        . = ALIGN (0x4)
                0x20000000                        _sdata = .
 *(.data)
 *(.data*)
 .data.SystemCoreClock
                0x20000000        0x4 Core/Src/system_stm32f4xx.o
                0x20000000                SystemCoreClock
 .data.uwTickPrio
                0x20000004        0x4 Drivers/STM32F4xx_HAL_Driver/Src/stm32f4xx_hal.o
                0x20000004                uwTickPrio
 .data.uwTickFreq
                0x20000008        0x1 Drivers/STM32F4xx_HAL_Driver/Src/stm32f4xx_hal.o
                0x20000008                uwTickFreq
 *fill*         0x20000009        0x3 
 .data.uxCriticalNesting
                0x2000000c        0x4 Middlewares/Third_Party/FreeRTOS/Source/portable/GCC/ARM_CM4F/port.o
 .data.__sglue  0x20000010        0xc /home/ubuntu/st/stm32cubeide_2.1.0/plugins/com.st.stm32cube.ide.mcu.externaltools.gnu-tools-for-stm32.14.3.rel1.linux64_1.0.100.202602081740/tools/bin/../lib/gcc/arm-none-eabi/14.3.1/../../../../arm-none-eabi/lib/thumb/v7e-m+fp/hard/libc_nano.a(libc_a-findfp.o)
                0x20000010                __sglue
 .data._impure_ptr
                0x2000001c        0x4 /home/ubuntu/st/stm32cubeide_2.1.0/plugins/com.st.stm32cube.ide.mcu.externaltools.gnu-tools-for-stm32.14.3.rel1.linux64_1.0.100.202602081740/tools/bin/../lib/gcc/arm-none-eabi/14.3.1/../../../../arm-none-eabi/lib/thumb/v7e-m+fp/hard/libc_nano.a(libc_a-impure.o)
                0x2000001c                _impure_ptr
 .data._impure_data
                0x20000020       0x4c /home/ubuntu/st/stm32cubeide_2.1.0/plugins/com.st.stm32cube.ide.mcu.externaltools.gnu-tools-for-stm32.14.3.rel1.linux64_1.0.100.202602081740/tools/bin/../lib/gcc/arm-none-eabi/14.3.1/../../../../arm-none-eabi/lib/thumb/v7e-m+fp/hard/libc_nano.a(libc_a-impure.o)
                0x20000020                _impure_data
 *(.RamFunc)
 *(.RamFunc*)
                0x2000006c                        . = ALIGN (0x4)
                0x2000006c                        _edata = .

.igot.plt       0x2000006c        0x0 load address 0x08007eac
 .igot.plt      0x2000006c        0x0 /home/ubuntu/st/stm32cubeide_2.1.0/plugins/com.st.stm32cube.ide.mcu.externaltools.gnu-tools-for-stm32.14.3.rel1.linux64_1.0.100.202602081740/tools/bin/../lib/gcc/arm-none-eabi/14.3.1/thumb/v7e-m+fp/hard/crtbegin.o
                0x2000006c                        . = ALIGN (0x4)

.bss            0x2000006c     0x4b9c load address 0x08007eac
                0x2000006c                        _sbss = .
                0x2000006c                        __bss_start__ = _sbss
 *(.bss)
 .bss           0x2000006c       0x1c /home/ubuntu/st/stm32cubeide_2.1.0/plugins/com.st.stm32cube.ide.mcu.externaltools.gnu-tools-for-stm32.14.3.rel1.linux64_1.0.100.202602081740/tools/bin/../lib/gcc/arm-none-eabi/14.3.1/thumb/v7e-m+fp/hard/crtbegin.o
 *(.bss*)
 .bss.idle_counter
                0x20000088        0x4 Core/Src/benchmark_cpu.o
                0x20000088                idle_counter
 .bss.last_idle_counter
                0x2000008c        0x4 Core/Src/benchmark_cpu.o
 .bss.max_idle_per_sec
                0x20000090        0x4 Core/Src/benchmark_cpu.o
 .bss.max_queue_depth
                0x20000094        0x4 Core/Src/benchmark_sys.o
 .bss.queue_drop_count
                0x20000098        0x4 Core/Src/benchmark_sys.o
 .bss.queue_drop_last
                0x2000009c        0x4 Core/Src/benchmark_sys.o
 .bss.max_latency
                0x200000a0        0x4 Core/Src/benchmark_sys.o
 .bss.msg_count
                0x200000a4        0x4 Core/Src/benchmark_sys.o
 .bss.last_tick
                0x200000a8        0x4 Core/Src/benchmark_sys.o
 .bss.hi2c1     0x200000ac       0x54 Core/Src/i2c.o
                0x200000ac                hi2c1
 .bss.huart2    0x20000100       0x48 Core/Src/main.o
                0x20000100                huart2
 .bss.defaultTaskHandle
                0x20000148        0x4 Core/Src/main.o
                0x20000148                defaultTaskHandle
 .bss.SensorTaskHandle
                0x2000014c        0x4 Core/Src/main.o
                0x2000014c                SensorTaskHandle
 .bss.LoggerTaskHandle
                0x20000150        0x4 Core/Src/main.o
                0x20000150                LoggerTaskHandle
 .bss.logQueueHandle
                0x20000154        0x4 Core/Src/main.o
                0x20000154                logQueueHandle
 .bss.dig_T1    0x20000158        0x2 Core/Src/sensor.o
 .bss.dig_T2    0x2000015a        0x2 Core/Src/sensor.o
 .bss.dig_T3    0x2000015c        0x1 Core/Src/sensor.o
 *fill*         0x2000015d        0x3 
 .bss.t_fine    0x20000160        0x4 Core/Src/sensor.o
 .bss.__sbrk_heap_end
                0x20000164        0x4 Core/Src/sysmem.o
 .bss.uwTick    0x20000168        0x4 Drivers/STM32F4xx_HAL_Driver/Src/stm32f4xx_hal.o
                0x20000168                uwTick
 .bss.KernelState
                0x2000016c        0x4 Middlewares/Third_Party/FreeRTOS/Source/CMSIS_RTOS_V2/cmsis_os2.o
 .bss.Idle_TCB.3
                0x20000170       0x5c Middlewares/Third_Party/FreeRTOS/Source/CMSIS_RTOS_V2/cmsis_os2.o
 .bss.Idle_Stack.2
                0x200001cc      0x200 Middlewares/Third_Party/FreeRTOS/Source/CMSIS_RTOS_V2/cmsis_os2.o
 .bss.Timer_TCB.1
                0x200003cc       0x5c Middlewares/Third_Party/FreeRTOS/Source/CMSIS_RTOS_V2/cmsis_os2.o
 .bss.Timer_Stack.0
                0x20000428      0x400 Middlewares/Third_Party/FreeRTOS/Source/CMSIS_RTOS_V2/cmsis_os2.o
 .bss.ucMaxSysCallPriority
                0x20000828        0x1 Middlewares/Third_Party/FreeRTOS/Source/portable/GCC/ARM_CM4F/port.o
 *fill*         0x20000829        0x3 
 .bss.ulMaxPRIGROUPValue
                0x2000082c        0x4 Middlewares/Third_Party/FreeRTOS/Source/portable/GCC/ARM_CM4F/port.o
 .bss.ucHeap    0x20000830     0x3c00 Middlewares/Third_Party/FreeRTOS/Source/portable/MemMang/heap_4.o
 .bss.xStart    0x20004430        0x8 Middlewares/Third_Party/FreeRTOS/Source/portable/MemMang/heap_4.o
 .bss.pxEnd     0x20004438        0x4 Middlewares/Third_Party/FreeRTOS/Source/portable/MemMang/heap_4.o
 .bss.xFreeBytesRemaining
                0x2000443c        0x4 Middlewares/Third_Party/FreeRTOS/Source/portable/MemMang/heap_4.o
 .bss.xMinimumEverFreeBytesRemaining
                0x20004440        0x4 Middlewares/Third_Party/FreeRTOS/Source/portable/MemMang/heap_4.o
 .bss.xNumberOfSuccessfulAllocations
                0x20004444        0x4 Middlewares/Third_Party/FreeRTOS/Source/portable/MemMang/heap_4.o
 .bss.xNumberOfSuccessfulFrees
                0x20004448        0x4 Middlewares/Third_Party/FreeRTOS/Source/portable/MemMang/heap_4.o
 .bss.xBlockAllocatedBit
                0x2000444c        0x4 Middlewares/Third_Party/FreeRTOS/Source/portable/MemMang/heap_4.o
 .bss.xQueueRegistry
                0x20004450       0x40 Middlewares/Third_Party/FreeRTOS/Source/queue.o
                0x20004450                xQueueRegistry
 .bss.pxCurrentTCB
                0x20004490        0x4 Middlewares/Third_Party/FreeRTOS/Source/tasks.o
                0x20004490                pxCurrentTCB
 .bss.pxReadyTasksLists
                0x20004494      0x460 Middlewares/Third_Party/FreeRTOS/Source/tasks.o
 .bss.xDelayedTaskList1
                0x200048f4       0x14 Middlewares/Third_Party/FreeRTOS/Source/tasks.o
 .bss.xDelayedTaskList2
                0x20004908       0x14 Middlewares/Third_Party/FreeRTOS/Source/tasks.o
 .bss.pxDelayedTaskList
                0x2000491c        0x4 Middlewares/Third_Party/FreeRTOS/Source/tasks.o
 .bss.pxOverflowDelayedTaskList
                0x20004920        0x4 Middlewares/Third_Party/FreeRTOS/Source/tasks.o
 .bss.xPendingReadyList
                0x20004924       0x14 Middlewares/Third_Party/FreeRTOS/Source/tasks.o
 .bss.xTasksWaitingTermination
                0x20004938       0x14 Middlewares/Third_Party/FreeRTOS/Source/tasks.o
 .bss.uxDeletedTasksWaitingCleanUp
                0x2000494c        0x4 Middlewares/Third_Party/FreeRTOS/Source/tasks.o
 .bss.xSuspendedTaskList
                0x20004950       0x14 Middlewares/Third_Party/FreeRTOS/Source/tasks.o
 .bss.uxCurrentNumberOfTasks
                0x20004964        0x4 Middlewares/Third_Party/FreeRTOS/Source/tasks.o
 .bss.xTickCount
                0x20004968        0x4 Middlewares/Third_Party/FreeRTOS/Source/tasks.o
 .bss.uxTopReadyPriority
                0x2000496c        0x4 Middlewares/Third_Party/FreeRTOS/Source/tasks.o
 .bss.xSchedulerRunning
                0x20004970        0x4 Middlewares/Third_Party/FreeRTOS/Source/tasks.o
 .bss.xPendedTicks
                0x20004974        0x4 Middlewares/Third_Party/FreeRTOS/Source/tasks.o
 .bss.xYieldPending
                0x20004978        0x4 Middlewares/Third_Party/FreeRTOS/Source/tasks.o
 .bss.xNumOfOverflows
                0x2000497c        0x4 Middlewares/Third_Party/FreeRTOS/Source/tasks.o
 .bss.uxTaskNumber
                0x20004980        0x4 Middlewares/Third_Party/FreeRTOS/Source/tasks.o
 .bss.xNextTaskUnblockTime
                0x20004984        0x4 Middlewares/Third_Party/FreeRTOS/Source/tasks.o
 .bss.xIdleTaskHandle
                0x20004988        0x4 Middlewares/Third_Party/FreeRTOS/Source/tasks.o
 .bss.uxSchedulerSuspended
                0x2000498c        0x4 Middlewares/Third_Party/FreeRTOS/Source/tasks.o
 .bss.xActiveTimerList1
                0x20004990       0x14 Middlewares/Third_Party/FreeRTOS/Source/timers.o
 .bss.xActiveTimerList2
                0x200049a4       0x14 Middlewares/Third_Party/FreeRTOS/Source/timers.o
 .bss.pxCurrentTimerList
                0x200049b8        0x4 Middlewares/Third_Party/FreeRTOS/Source/timers.o
 .bss.pxOverflowTimerList
                0x200049bc        0x4 Middlewares/Third_Party/FreeRTOS/Source/timers.o
 .bss.xTimerQueue
                0x200049c0        0x4 Middlewares/Third_Party/FreeRTOS/Source/timers.o
 .bss.xTimerTaskHandle
                0x200049c4        0x4 Middlewares/Third_Party/FreeRTOS/Source/timers.o
 .bss.xLastTime.2
                0x200049c8        0x4 Middlewares/Third_Party/FreeRTOS/Source/timers.o
 .bss.ucStaticTimerQueueStorage.1
                0x200049cc       0xa0 Middlewares/Third_Party/FreeRTOS/Source/timers.o
 .bss.xStaticTimerQueue.0
                0x20004a6c       0x50 Middlewares/Third_Party/FreeRTOS/Source/timers.o
 .bss.__sf      0x20004abc      0x138 /home/ubuntu/st/stm32cubeide_2.1.0/plugins/com.st.stm32cube.ide.mcu.externaltools.gnu-tools-for-stm32.14.3.rel1.linux64_1.0.100.202602081740/tools/bin/../lib/gcc/arm-none-eabi/14.3.1/../../../../arm-none-eabi/lib/thumb/v7e-m+fp/hard/libc_nano.a(libc_a-findfp.o)
                0x20004abc                __sf
 .bss.__stdio_exit_handler
                0x20004bf4        0x4 /home/ubuntu/st/stm32cubeide_2.1.0/plugins/com.st.stm32cube.ide.mcu.externaltools.gnu-tools-for-stm32.14.3.rel1.linux64_1.0.100.202602081740/tools/bin/../lib/gcc/arm-none-eabi/14.3.1/../../../../arm-none-eabi/lib/thumb/v7e-m+fp/hard/libc_nano.a(libc_a-findfp.o)
                0x20004bf4                __stdio_exit_handler
 .bss.errno     0x20004bf8        0x4 /home/ubuntu/st/stm32cubeide_2.1.0/plugins/com.st.stm32cube.ide.mcu.externaltools.gnu-tools-for-stm32.14.3.rel1.linux64_1.0.100.202602081740/tools/bin/../lib/gcc/arm-none-eabi/14.3.1/../../../../arm-none-eabi/lib/thumb/v7e-m+fp/hard/libc_nano.a(libc_a-reent.o)
                0x20004bf8                errno
 .bss.__lock___malloc_recursive_mutex
                0x20004bfc        0x1 /home/ubuntu/st/stm32cubeide_2.1.0/plugins/com.st.stm32cube.ide.mcu.externaltools.gnu-tools-for-stm32.14.3.rel1.linux64_1.0.100.202602081740/tools/bin/../lib/gcc/arm-none-eabi/14.3.1/../../../../arm-none-eabi/lib/thumb/v7e-m+fp/hard/libc_nano.a(libc_a-lock.o)
                0x20004bfc                __lock___malloc_recursive_mutex
 .bss.__lock___sfp_recursive_mutex
                0x20004bfd        0x1 /home/ubuntu/st/stm32cubeide_2.1.0/plugins/com.st.stm32cube.ide.mcu.externaltools.gnu-tools-for-stm32.14.3.rel1.linux64_1.0.100.202602081740/tools/bin/../lib/gcc/arm-none-eabi/14.3.1/../../../../arm-none-eabi/lib/thumb/v7e-m+fp/hard/libc_nano.a(libc_a-lock.o)
                0x20004bfd                __lock___sfp_recursive_mutex
 *fill*         0x20004bfe        0x2 
 .bss.__malloc_sbrk_start
                0x20004c00        0x4 /home/ubuntu/st/stm32cubeide_2.1.0/plugins/com.st.stm32cube.ide.mcu.externaltools.gnu-tools-for-stm32.14.3.rel1.linux64_1.0.100.202602081740/tools/bin/../lib/gcc/arm-none-eabi/14.3.1/../../../../arm-none-eabi/lib/thumb/v7e-m+fp/hard/libc_nano.a(libc_a-mallocr.o)
                0x20004c00                __malloc_sbrk_start
 .bss.__malloc_free_list
                0x20004c04        0x4 /home/ubuntu/st/stm32cubeide_2.1.0/plugins/com.st.stm32cube.ide.mcu.externaltools.gnu-tools-for-stm32.14.3.rel1.linux64_1.0.100.202602081740/tools/bin/../lib/gcc/arm-none-eabi/14.3.1/../../../../arm-none-eabi/lib/thumb/v7e-m+fp/hard/libc_nano.a(libc_a-mallocr.o)
                0x20004c04                __malloc_free_list
 *(COMMON)
                0x20004c08                        . = ALIGN (0x4)
                0x20004c08                        _ebss = .
                0x20004c08                        __bss_end__ = _ebss

._user_heap_stack
                0x20004c08      0x600 load address 0x08007eac
                0x20004c08                        . = ALIGN (0x8)
                [!provide]                        PROVIDE (end = .)
                0x20004c08                        PROVIDE (_end = .)
                0x20004e08                        . = (. + _Min_Heap_Size)
 *fill*         0x20004c08      0x200 
                0x20005208                        . = (. + _Min_Stack_Size)
 *fill*         0x20004e08      0x400 
                0x20005208                        . = ALIGN (0x8)

/DISCARD/
 libc.a(*)
 libm.a(*)
 libgcc.a(*)

.ARM.attributes
                0x00000000       0x30
 *(.ARM.attributes)
 .ARM.attributes
                0x00000000       0x22 /home/ubuntu/st/stm32cubeide_2.1.0/plugins/com.st.stm32cube.ide.mcu.externaltools.gnu-tools-for-stm32.14.3.rel1.linux64_1.0.100.202602081740/tools/bin/../lib/gcc/arm-none-eabi/14.3.1/thumb/v7e-m+fp/hard/crti.o
 .ARM.attributes
                0x00000022       0x34 /home/ubuntu/st/stm32cubeide_2.1.0/plugins/com.st.stm32cube.ide.mcu.externaltools.gnu-tools-for-stm32.14.3.rel1.linux64_1.0.100.202602081740/tools/bin/../lib/gcc/arm-none-eabi/14.3.1/thumb/v7e-m+fp/hard/crtbegin.o
 .ARM.attributes
                0x00000056       0x34 Core/Src/benchmark_cpu.o
 .ARM.attributes
                0x0000008a       0x34 Core/Src/benchmark_sys.o
 .ARM.attributes
                0x000000be       0x34 Core/Src/freertos.o
 .ARM.attributes
                0x000000f2       0x34 Core/Src/i2c.o
 .ARM.attributes
                0x00000126       0x34 Core/Src/main.o
 .ARM.attributes
                0x0000015a       0x34 Core/Src/sensor.o
 .ARM.attributes
                0x0000018e       0x34 Core/Src/stm32f4xx_hal_msp.o
 .ARM.attributes
                0x000001c2       0x34 Core/Src/stm32f4xx_it.o
 .ARM.attributes
                0x000001f6       0x34 Core/Src/syscalls.o
 .ARM.attributes
                0x0000022a       0x34 Core/Src/sysmem.o
 .ARM.attributes
                0x0000025e       0x34 Core/Src/system_stm32f4xx.o
 .ARM.attributes
                0x00000292       0x21 Core/Startup/startup_stm32f446retx.o
 .ARM.attributes
                0x000002b3       0x34 Drivers/STM32F4xx_HAL_Driver/Src/stm32f4xx_hal.o
 .ARM.attributes
                0x000002e7       0x34 Drivers/STM32F4xx_HAL_Driver/Src/stm32f4xx_hal_cortex.o
 .ARM.attributes
                0x0000031b       0x34 Drivers/STM32F4xx_HAL_Driver/Src/stm32f4xx_hal_gpio.o
 .ARM.attributes
                0x0000034f       0x34 Drivers/STM32F4xx_HAL_Driver/Src/stm32f4xx_hal_i2c.o
 .ARM.attributes
                0x00000383       0x34 Drivers/STM32F4xx_HAL_Driver/Src/stm32f4xx_hal_rcc.o
 .ARM.attributes
                0x000003b7       0x34 Drivers/STM32F4xx_HAL_Driver/Src/stm32f4xx_hal_rcc_ex.o
 .ARM.attributes
                0x000003eb       0x34 Drivers/STM32F4xx_HAL_Driver/Src/stm32f4xx_hal_uart.o
 .ARM.attributes
                0x0000041f       0x34 Middlewares/Third_Party/FreeRTOS/Source/CMSIS_RTOS_V2/cmsis_os2.o
 .ARM.attributes
                0x00000453       0x34 Middlewares/Third_Party/FreeRTOS/Source/list.o
 .ARM.attributes
                0x00000487       0x34 Middlewares/Third_Party/FreeRTOS/Source/portable/GCC/ARM_CM4F/port.o
 .ARM.attributes
                0x000004bb       0x34 Middlewares/Third_Party/FreeRTOS/Source/portable/MemMang/heap_4.o
 .ARM.attributes
                0x000004ef       0x34 Middlewares/Third_Party/FreeRTOS/Source/queue.o
 .ARM.attributes
                0x00000523       0x34 Middlewares/Third_Party/FreeRTOS/Source/tasks.o
 .ARM.attributes
                0x00000557       0x34 Middlewares/Third_Party/FreeRTOS/Source/timers.o
 .ARM.attributes
                0x0000058b       0x34 /home/ubuntu/st/stm32cubeide_2.1.0/plugins/com.st.stm32cube.ide.mcu.externaltools.gnu-tools-for-stm32.14.3.rel1.linux64_1.0.100.202602081740/tools/bin/../lib/gcc/arm-none-eabi/14.3.1/../../../../arm-none-eabi/lib/thumb/v7e-m+fp/hard/libc_nano.a(libc_a-findfp.o)
 .ARM.attributes
                0x000005bf       0x34 /home/ubuntu/st/stm32cubeide_2.1.0/plugins/com.st.stm32cube.ide.mcu.externaltools.gnu-tools-for-stm32.14.3.rel1.linux64_1.0.100.202602081740/tools/bin/../lib/gcc/arm-none-eabi/14.3.1/../../../../arm-none-eabi/lib/thumb/v7e-m+fp/hard/libc_nano.a(libc_a-fwalk.o)
 .ARM.attributes
                0x000005f3       0x34 /home/ubuntu/st/stm32cubeide_2.1.0/plugins/com.st.stm32cube.ide.mcu.externaltools.gnu-tools-for-stm32.14.3.rel1.linux64_1.0.100.202602081740/tools/bin/../lib/gcc/arm-none-eabi/14.3.1/../../../../arm-none-eabi/lib/thumb/v7e-m+fp/hard/libc_nano.a(libc_a-printf.o)
 .ARM.attributes
                0x00000627       0x34 /home/ubuntu/st/stm32cubeide_2.1.0/plugins/com.st.stm32cube.ide.mcu.externaltools.gnu-tools-for-stm32.14.3.rel1.linux64_1.0.100.202602081740/tools/bin/../lib/gcc/arm-none-eabi/14.3.1/../../../../arm-none-eabi/lib/thumb/v7e-m+fp/hard/libc_nano.a(libc_a-puts.o)
 .ARM.attributes
                0x0000065b       0x34 /home/ubuntu/st/stm32cubeide_2.1.0/plugins/com.st.stm32cube.ide.mcu.externaltools.gnu-tools-for-stm32.14.3.rel1.linux64_1.0.100.202602081740/tools/bin/../lib/gcc/arm-none-eabi/14.3.1/../../../../arm-none-eabi/lib/thumb/v7e-m+fp/hard/libc_nano.a(libc_a-stdio.o)
 .ARM.attributes
                0x0000068f       0x34 /home/ubuntu/st/stm32cubeide_2.1.0/plugins/com.st.stm32cube.ide.mcu.externaltools.gnu-tools-for-stm32.14.3.rel1.linux64_1.0.100.202602081740/tools/bin/../lib/gcc/arm-none-eabi/14.3.1/../../../../arm-none-eabi/lib/thumb/v7e-m+fp/hard/libc_nano.a(libc_a-wbuf.o)
 .ARM.attributes
                0x000006c3       0x34 /home/ubuntu/st/stm32cubeide_2.1.0/plugins/com.st.stm32cube.ide.mcu.externaltools.gnu-tools-for-stm32.14.3.rel1.linux64_1.0.100.202602081740/tools/bin/../lib/gcc/arm-none-eabi/14.3.1/../../../../arm-none-eabi/lib/thumb/v7e-m+fp/hard/libc_nano.a(libc_a-wsetup.o)
 .ARM.attributes
                0x000006f7       0x34 /home/ubuntu/st/stm32cubeide_2.1.0/plugins/com.st.stm32cube.ide.mcu.externaltools.gnu-tools-for-stm32.14.3.rel1.linux64_1.0.100.202602081740/tools/bin/../lib/gcc/arm-none-eabi/14.3.1/../../../../arm-none-eabi/lib/thumb/v7e-m+fp/hard/libc_nano.a(libc_a-memset.o)
 .ARM.attributes
                0x0000072b       0x34 /home/ubuntu/st/stm32cubeide_2.1.0/plugins/com.st.stm32cube.ide.mcu.externaltools.gnu-tools-for-stm32.14.3.rel1.linux64_1.0.100.202602081740/tools/bin/../lib/gcc/arm-none-eabi/14.3.1/../../../../arm-none-eabi/lib/thumb/v7e-m+fp/hard/libc_nano.a(libc_a-closer.o)
 .ARM.attributes
                0x0000075f       0x34 /home/ubuntu/st/stm32cubeide_2.1.0/plugins/com.st.stm32cube.ide.mcu.externaltools.gnu-tools-for-stm32.14.3.rel1.linux64_1.0.100.202602081740/tools/bin/../lib/gcc/arm-none-eabi/14.3.1/../../../../arm-none-eabi/lib/thumb/v7e-m+fp/hard/libc_nano.a(libc_a-reent.o)
 .ARM.attributes
                0x00000793       0x34 /home/ubuntu/st/stm32cubeide_2.1.0/plugins/com.st.stm32cube.ide.mcu.externaltools.gnu-tools-for-stm32.14.3.rel1.linux64_1.0.100.202602081740/tools/bin/../lib/gcc/arm-none-eabi/14.3.1/../../../../arm-none-eabi/lib/thumb/v7e-m+fp/hard/libc_nano.a(libc_a-impure.o)
 .ARM.attributes
                0x000007c7       0x34 /home/ubuntu/st/stm32cubeide_2.1.0/plugins/com.st.stm32cube.ide.mcu.externaltools.gnu-tools-for-stm32.14.3.rel1.linux64_1.0.100.202602081740/tools/bin/../lib/gcc/arm-none-eabi/14.3.1/../../../../arm-none-eabi/lib/thumb/v7e-m+fp/hard/libc_nano.a(libc_a-lseekr.o)
 .ARM.attributes
                0x000007fb       0x34 /home/ubuntu/st/stm32cubeide_2.1.0/plugins/com.st.stm32cube.ide.mcu.externaltools.gnu-tools-for-stm32.14.3.rel1.linux64_1.0.100.202602081740/tools/bin/../lib/gcc/arm-none-eabi/14.3.1/../../../../arm-none-eabi/lib/thumb/v7e-m+fp/hard/libc_nano.a(libc_a-readr.o)
 .ARM.attributes
                0x0000082f       0x34 /home/ubuntu/st/stm32cubeide_2.1.0/plugins/com.st.stm32cube.ide.mcu.externaltools.gnu-tools-for-stm32.14.3.rel1.linux64_1.0.100.202602081740/tools/bin/../lib/gcc/arm-none-eabi/14.3.1/../../../../arm-none-eabi/lib/thumb/v7e-m+fp/hard/libc_nano.a(libc_a-writer.o)
 .ARM.attributes
                0x00000863       0x34 /home/ubuntu/st/stm32cubeide_2.1.0/plugins/com.st.stm32cube.ide.mcu.externaltools.gnu-tools-for-stm32.14.3.rel1.linux64_1.0.100.202602081740/tools/bin/../lib/gcc/arm-none-eabi/14.3.1/../../../../arm-none-eabi/lib/thumb/v7e-m+fp/hard/libc_nano.a(libc_a-errno.o)
 .ARM.attributes
                0x00000897       0x34 /home/ubuntu/st/stm32cubeide_2.1.0/plugins/com.st.stm32cube.ide.mcu.externaltools.gnu-tools-for-stm32.14.3.rel1.linux64_1.0.100.202602081740/tools/bin/../lib/gcc/arm-none-eabi/14.3.1/../../../../arm-none-eabi/lib/thumb/v7e-m+fp/hard/libc_nano.a(libc_a-init.o)
 .ARM.attributes
                0x000008cb       0x34 /home/ubuntu/st/stm32cubeide_2.1.0/plugins/com.st.stm32cube.ide.mcu.externaltools.gnu-tools-for-stm32.14.3.rel1.linux64_1.0.100.202602081740/tools/bin/../lib/gcc/arm-none-eabi/14.3.1/../../../../arm-none-eabi/lib/thumb/v7e-m+fp/hard/libc_nano.a(libc_a-lock.o)
 .ARM.attributes
                0x000008ff       0x34 /home/ubuntu/st/stm32cubeide_2.1.0/plugins/com.st.stm32cube.ide.mcu.externaltools.gnu-tools-for-stm32.14.3.rel1.linux64_1.0.100.202602081740/tools/bin/../lib/gcc/arm-none-eabi/14.3.1/../../../../arm-none-eabi/lib/thumb/v7e-m+fp/hard/libc_nano.a(libc_a-memcpy-stub.o)
 .ARM.attributes
                0x00000933       0x34 /home/ubuntu/st/stm32cubeide_2.1.0/plugins/com.st.stm32cube.ide.mcu.externaltools.gnu-tools-for-stm32.14.3.rel1.linux64_1.0.100.202602081740/tools/bin/../lib/gcc/arm-none-eabi/14.3.1/../../../../arm-none-eabi/lib/thumb/v7e-m+fp/hard/libc_nano.a(libc_a-freer.o)
 .ARM.attributes
                0x00000967       0x34 /home/ubuntu/st/stm32cubeide_2.1.0/plugins/com.st.stm32cube.ide.mcu.externaltools.gnu-tools-for-stm32.14.3.rel1.linux64_1.0.100.202602081740/tools/bin/../lib/gcc/arm-none-eabi/14.3.1/../../../../arm-none-eabi/lib/thumb/v7e-m+fp/hard/libc_nano.a(libc_a-mallocr.o)
 .ARM.attributes
                0x0000099b       0x34 /home/ubuntu/st/stm32cubeide_2.1.0/plugins/com.st.stm32cube.ide.mcu.externaltools.gnu-tools-for-stm32.14.3.rel1.linux64_1.0.100.202602081740/tools/bin/../lib/gcc/arm-none-eabi/14.3.1/../../../../arm-none-eabi/lib/thumb/v7e-m+fp/hard/libc_nano.a(libc_a-mlock.o)
 .ARM.attributes
                0x000009cf       0x34 /home/ubuntu/st/stm32cubeide_2.1.0/plugins/com.st.stm32cube.ide.mcu.externaltools.gnu-tools-for-stm32.14.3.rel1.linux64_1.0.100.202602081740/tools/bin/../lib/gcc/arm-none-eabi/14.3.1/../../../../arm-none-eabi/lib/thumb/v7e-m+fp/hard/libc_nano.a(libc_a-nano-vfprintf.o)
 .ARM.attributes
                0x00000a03       0x34 /home/ubuntu/st/stm32cubeide_2.1.0/plugins/com.st.stm32cube.ide.mcu.externaltools.gnu-tools-for-stm32.14.3.rel1.linux64_1.0.100.202602081740/tools/bin/../lib/gcc/arm-none-eabi/14.3.1/../../../../arm-none-eabi/lib/thumb/v7e-m+fp/hard/libc_nano.a(libc_a-nano-vfprintf_i.o)
 .ARM.attributes
                0x00000a37       0x34 /home/ubuntu/st/stm32cubeide_2.1.0/plugins/com.st.stm32cube.ide.mcu.externaltools.gnu-tools-for-stm32.14.3.rel1.linux64_1.0.100.202602081740/tools/bin/../lib/gcc/arm-none-eabi/14.3.1/../../../../arm-none-eabi/lib/thumb/v7e-m+fp/hard/libc_nano.a(libc_a-fflush.o)
 .ARM.attributes
                0x00000a6b       0x34 /home/ubuntu/st/stm32cubeide_2.1.0/plugins/com.st.stm32cube.ide.mcu.externaltools.gnu-tools-for-stm32.14.3.rel1.linux64_1.0.100.202602081740/tools/bin/../lib/gcc/arm-none-eabi/14.3.1/../../../../arm-none-eabi/lib/thumb/v7e-m+fp/hard/libc_nano.a(libc_a-makebuf.o)
 .ARM.attributes
                0x00000a9f       0x34 /home/ubuntu/st/stm32cubeide_2.1.0/plugins/com.st.stm32cube.ide.mcu.externaltools.gnu-tools-for-stm32.14.3.rel1.linux64_1.0.100.202602081740/tools/bin/../lib/gcc/arm-none-eabi/14.3.1/../../../../arm-none-eabi/lib/thumb/v7e-m+fp/hard/libc_nano.a(libc_a-fstatr.o)
 .ARM.attributes
                0x00000ad3       0x34 /home/ubuntu/st/stm32cubeide_2.1.0/plugins/com.st.stm32cube.ide.mcu.externaltools.gnu-tools-for-stm32.14.3.rel1.linux64_1.0.100.202602081740/tools/bin/../lib/gcc/arm-none-eabi/14.3.1/../../../../arm-none-eabi/lib/thumb/v7e-m+fp/hard/libc_nano.a(libc_a-isattyr.o)
 .ARM.attributes
                0x00000b07       0x34 /home/ubuntu/st/stm32cubeide_2.1.0/plugins/com.st.stm32cube.ide.mcu.externaltools.gnu-tools-for-stm32.14.3.rel1.linux64_1.0.100.202602081740/tools/bin/../lib/gcc/arm-none-eabi/14.3.1/../../../../arm-none-eabi/lib/thumb/v7e-m+fp/hard/libc_nano.a(libc_a-sbrkr.o)
 .ARM.attributes
                0x00000b3b       0x1c /home/ubuntu/st/stm32cubeide_2.1.0/plugins/com.st.stm32cube.ide.mcu.externaltools.gnu-tools-for-stm32.14.3.rel1.linux64_1.0.100.202602081740/tools/bin/../lib/gcc/arm-none-eabi/14.3.1/../../../../arm-none-eabi/lib/thumb/v7e-m+fp/hard/libc_nano.a(libc_a-memchr.o)
 .ARM.attributes
                0x00000b57       0x22 /home/ubuntu/st/stm32cubeide_2.1.0/plugins/com.st.stm32cube.ide.mcu.externaltools.gnu-tools-for-stm32.14.3.rel1.linux64_1.0.100.202602081740/tools/bin/../lib/gcc/arm-none-eabi/14.3.1/thumb/v7e-m+fp/hard/libgcc.a(_aeabi_uldivmod.o)
 .ARM.attributes
                0x00000b79       0x34 /home/ubuntu/st/stm32cubeide_2.1.0/plugins/com.st.stm32cube.ide.mcu.externaltools.gnu-tools-for-stm32.14.3.rel1.linux64_1.0.100.202602081740/tools/bin/../lib/gcc/arm-none-eabi/14.3.1/thumb/v7e-m+fp/hard/libgcc.a(_udivmoddi4.o)
 .ARM.attributes
                0x00000bad       0x22 /home/ubuntu/st/stm32cubeide_2.1.0/plugins/com.st.stm32cube.ide.mcu.externaltools.gnu-tools-for-stm32.14.3.rel1.linux64_1.0.100.202602081740/tools/bin/../lib/gcc/arm-none-eabi/14.3.1/thumb/v7e-m+fp/hard/libgcc.a(_dvmd_tls.o)
 .ARM.attributes
                0x00000bcf       0x22 /home/ubuntu/st/stm32cubeide_2.1.0/plugins/com.st.stm32cube.ide.mcu.externaltools.gnu-tools-for-stm32.14.3.rel1.linux64_1.0.100.202602081740/tools/bin/../lib/gcc/arm-none-eabi/14.3.1/thumb/v7e-m+fp/hard/crtn.o
OUTPUT(rtos-data-logger.elf elf32-littlearm)
LOAD linker stubs
LOAD /home/ubuntu/st/stm32cubeide_2.1.0/plugins/com.st.stm32cube.ide.mcu.externaltools.gnu-tools-for-stm32.14.3.rel1.linux64_1.0.100.202602081740/tools/bin/../lib/gcc/arm-none-eabi/14.3.1/../../../../arm-none-eabi/lib/thumb/v7e-m+fp/hard/libc.a
LOAD /home/ubuntu/st/stm32cubeide_2.1.0/plugins/com.st.stm32cube.ide.mcu.externaltools.gnu-tools-for-stm32.14.3.rel1.linux64_1.0.100.202602081740/tools/bin/../lib/gcc/arm-none-eabi/14.3.1/../../../../arm-none-eabi/lib/thumb/v7e-m+fp/hard/libm.a
LOAD /home/ubuntu/st/stm32cubeide_2.1.0/plugins/com.st.stm32cube.ide.mcu.externaltools.gnu-tools-for-stm32.14.3.rel1.linux64_1.0.100.202602081740/tools/bin/../lib/gcc/arm-none-eabi/14.3.1/thumb/v7e-m+fp/hard/libgcc.a

.debug_info     0x00000000    0x161fc
 .debug_info    0x00000000      0x3bc Core/Src/benchmark_cpu.o
 .debug_info    0x000003bc      0x1f0 Core/Src/benchmark_sys.o
 .debug_info    0x000005ac       0xba Core/Src/freertos.o
 .debug_info    0x00000666      0x644 Core/Src/i2c.o
 .debug_info    0x00000caa     0x11f8 Core/Src/main.o
 .debug_info    0x00001ea2      0x90f Core/Src/sensor.o
 .debug_info    0x000027b1      0xea8 Core/Src/stm32f4xx_hal_msp.o
 .debug_info    0x00003659      0x11a Core/Src/stm32f4xx_it.o
 .debug_info    0x00003773      0x6a3 Core/Src/syscalls.o
 .debug_info    0x00003e16      0x168 Core/Src/sysmem.o
 .debug_info    0x00003f7e      0x54a Core/Src/system_stm32f4xx.o
 .debug_info    0x000044c8       0x30 Core/Startup/startup_stm32f446retx.o
 .debug_info    0x000044f8      0x99a Drivers/STM32F4xx_HAL_Driver/Src/stm32f4xx_hal.o
 .debug_info    0x00004e92      0xdaa Drivers/STM32F4xx_HAL_Driver/Src/stm32f4xx_hal_cortex.o
 .debug_info    0x00005c3c      0x70b Drivers/STM32F4xx_HAL_Driver/Src/stm32f4xx_hal_gpio.o
 .debug_info    0x00006347     0x2421 Drivers/STM32F4xx_HAL_Driver/Src/stm32f4xx_hal_i2c.o
 .debug_info    0x00008768      0x8ff Drivers/STM32F4xx_HAL_Driver/Src/stm32f4xx_hal_rcc.o
 .debug_info    0x00009067      0x960 Drivers/STM32F4xx_HAL_Driver/Src/stm32f4xx_hal_rcc_ex.o
 .debug_info    0x000099c7     0x2f4f Drivers/STM32F4xx_HAL_Driver/Src/stm32f4xx_hal_uart.o
 .debug_info    0x0000c916     0x3a83 Middlewares/Third_Party/FreeRTOS/Source/CMSIS_RTOS_V2/cmsis_os2.o
 .debug_info    0x00010399      0x2af Middlewares/Third_Party/FreeRTOS/Source/list.o
 .debug_info    0x00010648      0x4de Middlewares/Third_Party/FreeRTOS/Source/portable/GCC/ARM_CM4F/port.o
 .debug_info    0x00010b26      0x4d5 Middlewares/Third_Party/FreeRTOS/Source/portable/MemMang/heap_4.o
 .debug_info    0x00010ffb     0x1b79 Middlewares/Third_Party/FreeRTOS/Source/queue.o
 .debug_info    0x00012b74     0x2200 Middlewares/Third_Party/FreeRTOS/Source/tasks.o
 .debug_info    0x00014d74     0x1488 Middlewares/Third_Party/FreeRTOS/Source/timers.o

.debug_abbrev   0x00000000     0x36c1
 .debug_abbrev  0x00000000      0x1d1 Core/Src/benchmark_cpu.o
 .debug_abbrev  0x000001d1      0x12d Core/Src/benchmark_sys.o
 .debug_abbrev  0x000002fe       0x6e Core/Src/freertos.o
 .debug_abbrev  0x0000036c      0x161 Core/Src/i2c.o
 .debug_abbrev  0x000004cd      0x333 Core/Src/main.o
 .debug_abbrev  0x00000800      0x1f4 Core/Src/sensor.o
 .debug_abbrev  0x000009f4      0x1ca Core/Src/stm32f4xx_hal_msp.o
 .debug_abbrev  0x00000bbe       0x97 Core/Src/stm32f4xx_it.o
 .debug_abbrev  0x00000c55      0x1b6 Core/Src/syscalls.o
 .debug_abbrev  0x00000e0b       0xbc Core/Src/sysmem.o
 .debug_abbrev  0x00000ec7      0x11a Core/Src/system_stm32f4xx.o