../Core/Src/main.c:66:5:main	8	static
../Core/Src/main.c:98:6:SystemClock_Config	88	static
../Core/Src/main.c:139:13:MX_USART2_UART_Init	8	static
../Core/Src/main.c:172:13:MX_GPIO_Init	16	static
../Core/Src/main.c:188:5:_write	24	static
../Core/Src/main.c:202:6:StartDefaultTask	16	static
../Core/Src/main.c:219:6:StartTask02	40	static
../Core/Src/main.c:275:6:StartTask03	40	static
../Core/Src/main.c:345:6:BenchmarkTask	16	static
../Core/Src/main.c:360:6:Error_Handler	4	static,ignoring_inline_asm
