../Core/Src/main.c:66:5:main	8	static
../Core/Src/main.c:96:6:SystemClock_Config	88	static
../Core/Src/main.c:137:13:MX_USART2_UART_Init	8	static
../Core/Src/main.c:170:13:MX_GPIO_Init	16	static
../Core/Src/main.c:186:5:_write	24	static
../Core/Src/main.c:200:6:StartDefaultTask	16	static
../Core/Src/main.c:213:6:StartTask02	40	static
../Core/Src/main.c:269:6:StartTask03	40	static
../Core/Src/main.c:339:6:BenchmarkTask	16	static
../Core/Src/main.c:354:6:Error_Handler	4	static,ignoring_inline_asm
